id: 42
is_bot: true
first_name: telegraph-test
username: test_bot
can_join_groups: true
can_read_all_group_messages: false
supports_inline_queries: false
