url: 'https://api.telegram.org/bot3f3814e1-5836-3d77-904e-60f64b15df36/setMyCommands'
payload:
    commands: [{ command: foo, description: 'first command' }, { command: bar, description: 'second command' }]
files: {  }
