url: 'https://api.telegram.org/bot3f3814e1-5836-3d77-904e-60f64b15df36/sendVoice'
payload:
    chat_id: '-123456789'
    parse_mode: MarkdownV2
    caption: 'listen **this** one'
files:
    voice: { contents: !!binary T2dnUwACAAAAAAAAAAC77jt8AAAAAFgxqJYBE09wdXNIZWFkAQE4AYA+AAAAAABPZ2dTAAAAAAAAAAAAALvuO3wBAAAApevfPgP///5PcHVzVGFncxUAAABsaWJvcHVzIHVua25vd24tZml4ZWQAAAAAAAAAAAAAAAAAAAAAAAAAAAAAAAAAAAAAAAAAAAAAAAAAAAAAAAAAAAAAAAAAAAAAAAAAAAAAAAAAAAAAAAAAAAAAAAAAAAAAAAAAAAAAAAAAAAAAAAAAAAAAAAAAAAAAAAAAAAAAAAAAAAAAAAAAAAAAAAAAAAAAAAAAAAAAAAAAAAAAAAAAAAAAAAAAAAAAAAAAAAAAAAAAAAAAAAAAAAAAAAAAAAAAAAAAAAAAAAAAAAAAAAAAAAAAAAAAAAAAAAAAAAAAAAAAAAAAAAAAAAAAAAAAAAAAAAAAAAAAAAAAAAAAAAAAAAAAAAAAAAAAAAAAAAAAAAAAAAAAAAAAAAAAAAAAAAAAAAAAAAAAAAAAAAAAAAAAAAAAAAAAAAAAAAAAAAAAAAAAAAAAAAAAAAAAAAAAAAAAAAAAAAAAAAAAAAAAAAAAAAAAAAAAAAAAAAAAAAAAAAAAAAAAAAAAAAAAAAAAAAAAAAAAAAAAAAAAAAAAAAAAAAAAAAAAAAAAAAAAAAAAAAAAAAAAAAAAAAAAAAAAAAAAAAAAAAAAAAAAAAAAAAAAAAAAAAAAAAAAAAAAAAAAAAAAAAAAAAAAAAAAAAAAAAAAAAAAAAAAAAAAAAAAAAAAAAAAAAAAAAAAAAAAAAAAAAAAAAAAAAAAAAAAAAAAAAAAAAAAAAAAAAAAAAAAAAAAAAAAAAAAAAAAAAAAAAAAAAAAAAAAAAAAAAAAAAAAAAAAAAAAAAAAAAAAAAAAAAAAAAAAAAAAAAAAAAAAAAAAAAAAAAAAAAAAAAAAAAAAAAAAAAAAAAAAAAAAAAAAAAAAAAAAAAAAAAAAAAAAAAAAAAAAAAAAAAAAAAAAAAAAAAAAAAAAAAAAAAAAAAAAAAAAAAAAAAAAAAAAAAAAAAAAAAAAAAAAAAAAAAAAAAAAAAAAAAAAAAAAAAAAAAAAAAAAAAAAAAAAAAAAAAAAAAAAAE9nZ1MAAEALAAAAAAAAu+47fAIAAAC4Tq8/AXy7gwIC//7//olm3F7iLSFY//KaRnIJcAz9b8OjyHItfvJUzj0L4dzT6V0e5VNLZtvNqc+vwexkudtifHTOKR/ySTlPkuljufulBIhLHEb64jCy8fJIaPRXxk9LfjMPN9KFt/+q9aykreKyWGxYjLeWGrJUwMOxEWmaasbDT2dnUwAAgBYAAAAAAAC77jt8AwAAAGgI6NkBw7uDPT3FqmN2cw6wC64jUZx+XIUWcrNltrFAxJ9c0jQE4bFdkouQ/3il0eo/c3zNmz0iCE+CTwHxaExXpP/1QqI7UFh5+c4V9nLZradmMJltktAjvVUtJV/vz7gQU7EqBZgRIOmqhxTUMuj96AWR6kDzruo9zr9BdgYtBnLOyFHray0EVzePU3MtLdmCY5E11WQ5zJfz/VfgMS2zxoiuVOo56CL/4jh0t5gL7q0Xc9+FkLjx8ln8no8fmn4jS2UrjT6dWU9nZ1MAAMAhAAAAAAAAu+47fAQAAADfgvsiAfe7g0xMQ83uyukpKYdRQqxVk6sYbrKeyWJKeNKrAWb2ZKDPFfpk2sBEpzbtWU3aOwvezo2dEGjURTjkWS+BMfBhQLfYgxXTXjiv0syk1CTDmFGqgzDiSrlBYYnvmwsVpvtWb0i7Lcf1K2ALKqBQllg75dZXyLD+S9MQzO517WiSegex711WPyzebiJqGsggE2h3F9p+DciU/CWZHXP0PR4sdDcxaJdQF0e0l80Fg1/BPGUn9q/w+Pam5tCcF0Z11os4LVSBnTJlgrL3VXs4L7j77sxS4YnrnmREkZYaCXTKkhrlXuMyoEL/eY6/mx+YEKkFMEdReCP9T2dnUwAAAC0AAAAAAAC77jt8BQAAAEtcCjkB3LuDUj5aI9Wk1FYu5F8G1yABI6oGomOfZ6G61sGsy8shGcgV5QRVPf5Ysw0amyvg3c6um8WvPEGttuRjwm81spciT5zn1r09W071oLM4KQ+C9GSpPMBGUUMrNLvHmsZ36GO/n+RQ6dU2pKYQVHn6k5OmSfR5A/Ogp8iNW8y2G6Oh+dVQj9O/n37YPe9xlja7qjL948TyHTr6yvr+uFyo3BPRIWjT3e3znT7It39U9hSZr+N9TIW30X6v58Lgi7LzdN4teVeW8t72KJ/kHR22egfwvwNGAMd8UfeYw81PZ2dTAABAOAAAAAAAALvuO3wGAAAAq5sh8wHmuwNRpIDBv/x4GVpUa07XI+dOqp9qmLIrz5PNJWD3ZVbxs6pnA8cUkf6eig30l48kfs5HG2mJ6ZkD4aMR9efHet50kr0LeHU6k5io/GesUekLMrIrK7wQbvGhVGNpcqRYcdis27ALOdQhYeRUBQslnIGVHIF+9koEWThgZ9Oj4yTom9TcU2lnXOVVh+wO4puM+fPflajaNava11HuH8V7gMTqMMtEJfcWCLK9xSbYAwU6QKHTR+0kposIwYxT+SVMPizlP6mpm91g3YDkR17TBMlqbJOtZqG8wdknH795misKBbbpGl9PZ2dTAACAQwAAAAAAALvuO3wHAAAA42pqcwL/KruDZmeJvRZDuuAVHLSG2F2yF0sOJX9miKar9V9X//7Rb9XC2ZAejWhQ9CZwaNbSSbcykg0179gYDDI+v80SK+7CWIK0x0kPlalL9jevP+vbBkiIAR/9DKD1kSj4y8rOBqGGVgirTZszuUOJpG1GZocqRCskRHbrzuPIpoBZNou4/Yywcq2uqoAtSbSDVjVrKt0veEnTI/8WEZjOVG3pGIcHkyMFleH4zMhp21v+Ptx0oa10ckLslVxsQsMwdt4CYk4byKS05OIrAzecOLJD72ZTiaACmQzwHDWZ4QnCm8TUSB5W2vDoWCGJcAZz1OZKK3bjjIZhrDBkz7Cc84wI6GTcGgQ79rz1i0pr1Bosf90sOhPdbgq66NwL1XCr+Ynevu/upJKfi/gRz09nZ1MAAMBOAAAAAAAAu+47fAgAAAAFc4PFAfi7g1o+iZB6lgOzJOZwBNozd+dQewj8C9BhFcUIcQlje7Dr5SQEQYpljTjtcuOjIkY4fEXItWlRicbp2IKIjV73p8+LrRq6XqvWqz57o0YbIwzjiwialqbhEtqJn+HPWaNyw4EdgL0DeXJ7lZ0B2nfeYHBG5RM33HOrGHhFeXi0FsUiWAu/Sh7tm1mert47jfHF15NMtHwAU9OUNy92/nB7ipuMFcBIZ1fTGtQf2phUbk8mwSFZTgrKAAmI7OAxFnPjbi09Snj8cCIEDgQlB1/1UmvNY3DhbOkDxEd2dx8CZe1MlwBQqvADtms7HsblrgkQ+DQUX+h7iU9nZ1MAAABaAAAAAAAAu+47fAkAAACAbXEoAeq7g01FiaC1KkiZthJHN6LrBKZsFSCbjQBQsGPSxOEB3puDKm6ofKYD3/IxMEp4FZOSjdLbjHIR0vqZTKutfRbHHetTQnnLupHzqLHkYSmr3V+FqIJqMIMsPocMhTdgVIvYgXflcW4Qqi7ZfhiM7kTis25DkgYjBUJ77q7/K6tpOapHJy1berv589NR0YTF7Z3aou4lrV+JhyAZ/xEYF9KTOTMwSMmRyHC7Sm27xYC+aRYkHoj/oiCg6HJT0QBenjLKFGZJydcTBFKF35s5TRPAoW4cMhNrx8CwQprXg0xV5AL0PsxHihRCWq9PZ2dTAABAZQAAAAAAALvuO3wKAAAAEmQaXQHpuwOJnpik5pQE5vE52rtdoeAPrBHmMAGXGKSAvQ58sW4f9xVHni0xeszsFoaWiBB6Qpo6uT20d98umf4jzVZYUUD2onZmzTLgrok1B5y3X7Q99/EqfhlhoqtqMy64X5NQY8AX6NydgeZ0nY5jPBxKKc1elrDuMkcZzvjtJXn1q9PzPNDIULKtRg+5HabZha+//NWiNdOb+io2atbDhadKLl4vdJM7yT9eHedIEeVw206XaNciTLLWCx1F0kEtZM0z/a2ldSJGBZ2S/XE4B8HHGPeINNMpj/iUkvQ2QvMEdrk6vTvYhz1Qts9PZ2dTAACAcAAAAAAAALvuO3wLAAAARqx7ZgHqu4NCV4VEzG+5s6118XIBM/vaV6g0rhinQ0RYrlMGWDH2VFL4Tnes3WTCp1/gFYLNHmCPop9fvFd48n8s0ampVCKmJK9LT7QF8OfpM5Gu6EjZwUc3nUrGtSLuGZ45dahsxAj6GopdX9PVvnq3xwUwcfu5lhnUhCa8p6H3KVOH55Y4qLnU2Cy9Oi3Aywvg1Er6+Y6zICU2Uqz7PTlbA57BKBRqVjZlaMRdKnLRtlsngfERYCOBpYiaIsw8j1CYcBkUxxi6AkFMJEv847L8TgbY0vCILkzY9iWWcAMmXSNZ9GEqQMhlycVVEoCLT2dnUwAAwHsAAAAAAAC77jt8DAAAACcXgg4B6buDTT2Jf6AIADObaz3AgXv2Lh8+O1y0jjC/k63a3w26aoymz2vCwVQuyE0eJ+wcBolSf255sbgLUfIaBSbzeHCf++JVR+eH0jajGFJYyY74T4VZ24cueA16C/Ur5I7GUBZ3kQQOkFjsvH7Pm7OWWAtjgjXUiGNqLF1ndVMKgkpM24aWHsRSUYwYoFbOKU+JV961nPvv4wGDhO6b5UQmqbItpyB/9P2a7MajEuwcpnoh9pQ2O7FjsUc7E79eAlB1ey1Q5duKtS7N647gE6/gTMH+PIMbinrBjxrekVGnIquzGYOkJxhytmPPT2dnUwAAAIcAAAAAAAC77jt8DQAAAAjpfzEB7LuDTk2JiANALD7+iuVXrUAIYiq69AOShvYPthHsCv1+yaYQqIyl70FcGQbuJJ4VYBBulaQETsSYevqAXIdxM5TEvzKWCFh+c0PwKvBXVELsEc+FpbcNIxO3Pg5c5j8QqJSwHEdh2CJBkFOKGVUcDh8GjF+bZRgLADJiBkHqsF80SwvSQBljoFjE0fBjfI6r22X8jVLKvBoa0v6u1vx+z/Up1XQy4EIPJKJXPqWb44LO2ngNqmCuvenfne4mat6CLMfOLUYIsRaw4OW2vx/nYBNxEHh3HzM8fgrvVClBWsgCXYCbBnHAbxs4V3n9T2dnUwAAQJIAAAAAAAC77jt8DgAAAMUVVfQB6ruDTU3fSGKMHMM9IpQQWKt3yz38eOvQtuVAmAuFR+Yf6xr+eXyjl+w5IGHtpBX404rqOTowAsxWTXB6HH5EsbORfFxlnX2KbM6kBqbHo3zcvXatgU1oUZOp5byUTFyVsURDUzUU/nOoPVfK+RFH5t5OMDRaRKpeDGwmxZJTd4zOq6XX2naRElB6nAHe985f6EZp8raasTudG0KpZqszdsYaNKDyIi7rml+KZLn0grCod4hsOaz5uc6jai8XRJbfviwlBtzu7Xug6prUR9EKh3ph2LowcRpUdiCQ8wXc5W4KJjI3jKE76HHYgU9nZ1MAAICdAAAAAAAAu+47fA8AAADm/RNGAdq7g01Ed8/pzsHvg+gBfc40aPsvWsodgo7xXK/PSP+h4BLCTaHhHA5yY8+UU/jEpl0vz6OkMqPAWwyWSiP6gCypq6cpwf8aeJvMCQYlvMYMJCHsvPMBzoi2TkQVBbfGcr9e1L0WiINBZbs9+SA0LDidhO690FP9/vJPkYDo3f9+6TgUUGNcXQnFlzK5fx1NWeVo8oi6EeqzLemLbX9WY1du9szPiW1G6k52GooeAQAQYNAmgNeveO1wr9gPHALJ+2UbRZzjFGTUPlKpqBAvnL8mov1V1CMuI0o6HU9nZ1MAAMCoAAAAAAAAu+47fBAAAABpa9tjAeS7g0NA60Ic0iyAvl1/Ee/6uSwWAsMv+YdrVtIDfdtuP9E5Upfw8OHlILz1z+IbCAPZtPU741iLHo6sJnP2tptCNrsDQofKHewDt2Z4XP4JyxnNUgHZAWf8fBrbmqnFkaZHlw1Fgl/jumCBeTaKGTuoTfSzcgBJUq66KRbKq8k+yifancXJ6in0m+qlAbTfdLQulFAgaa6AgBB8pca/tNsbirAdu7VrmY3K6pXmTeM6sxIo6jmym1unkdOfXjah7Q166BjigrkgwqopNBMVkxGPaX5G6ZB91HMjh7NkGgvYLzHBxkFPZ2dTAAAAtAAAAAAAALvuO3wRAAAAy5910gL/ALuDX1BwKLKiTcc5vsluYh78MhjAOKiQflD/hf/2kGWg3kIyQkVyEyD66xhkiglEttzGB3yiaz2s39cMas7a21FAVwCTTMfUZlP2JOdJa4H5v/v6U0dQWkNKASVtRUDk+4DVBNcR8s3SwTvZrHnNqvPMoDXyW1wXNXHsViku5Yr13Z+Oy3l6VB7UhZ7LmY/6eqDVf4dHmiKcOsLOJpoIJoSpZv151iS3s4K9DwAyWYGKXvr562G4nOfo0TWvSkUElG0fBx6Jr/7Ag49wJsA9IEz0+mSstcDHsTHvmi8DL24gV4uegF9aMQju9N+g8GP3YRdoqk+QMJxXNdQ98U/EEU9nZ1MAAEC/AAAAAAAAu+47fBIAAADXCGg2Ady7g09H9IMu33Sof0AIogXfSJLuGmXCD7Tjc3XTv+vQDDgRCMrIOJiBq4iB3hiccFwAJczg7bEjzHFz16XwdlF8B5sow4MRmb7FNpr9GXEB4af2Key0U4ZYw2INte4asx3xAj2DIh5qFDv9U0L16vLPi1czHtETHuEbaBAhUjpWrK4GSNrm0CCaeoagVswzSwwyq+jYt360/KZB62biYP3qYWQNNHGcOB3BnBnLrUAcNm3kS7xgaPuGaMBazGg3gsEStPiKYvhaquoZYrIxRHodeD6iwVUU1bcCmJZNT2dnUwAAgMoAAAAAAAC77jt8EwAAANEjph4B+7uDW1B6D9QgVxykncyWR65iYFzuRHkyAm8Y6JABc484RkYXZy/u2Og2K3YtHHDSvUtaV281YsTMk8JmB5DZcbF3/r/wVfDDYbDrY3zRktdscrQWZP995rwQHFC4C1YLiX/lqNlI9juDKY8Rc0dnxsLEe1hHp5pRVdlFr1zANGx4VhRt7iD6a0gAHyKiVOdHxQdmt6AoDem+Ow7FA00iuluLCkSAfQ0/EWHz5ty1vM+e0+3vO9QIukJ0tUo913ujgYfbhnBN95rBvvJM8yEzMQwXxmVVkbSN+/A9bnO7EVe8+oF4ghyPu6CjJ518+MvUK1TJ/fa8xuBUGXyLT2dnUwAAwNUAAAAAAAC77jt8FAAAAJZAPC4B6bsDr8W6y+dkb2lT2AWHE32jV8UhXHC6stC98c6xWBUPAfDmN31aOi54CBbq6/xOgp8lxl4IDsxpeglM5/uAEmnsldCuofh6WZeWDtjLtsOJ4Ff6heNNufSoU4noEujCrYnhTXHwsGvEzIBexvPrFYAmszOqDVsmDxP494R3JMztz+6fWaEiOe1dh4LoSudrWC0H4iNfzgT2gwNI3/Q0irpvqz2oo7q1F+RtQknwZ3YIVE8sffpgDapqeUkILsMsjBLsOoMXUQQl7BrkolaBRinD/pFH61nO7XcyuTycYTKUHTvbfm9HtDXxT2dnUwAAAOEAAAAAAAC77jt8FQAAAEsuT1YB5buDTTus5gRztGo3EsuvjnM8aoU6sETIJ7ynvMrRou91OT3++DXw1ZJ41K3iwrZ22Duhl6YuJkRzvIVernK2F/tG/f5sfor0VL1AvTrmG29ZCYIKf5PYWYTZKEI6ORoJ5pAsh335x76szGy1yNI3UA0VZA7rqPCEFNVdlgPAZrhl2aqEynjnKm79dXtTtOXldu5KacUEZbAA+KnHZvba9+DsPuSJJOW2m47eTvcML3ffZ6b7fJ5nQh/23jYB+ATEHYVoPT5sFNGo7m6LT9u4mvCLaQTSpWjEl+7RfrrU7zz7Kv17zJVPZ2dTAABA7AAAAAAAALvuO3wWAAAAATVc+AHju4M/Wa/9uCn4CHDhT0aeZSCfbn7vT5xnDv9/XPbUO5mnJKyJOrwjvATbOeNuEQGVjZl02WuslisiYTduib7OA1rtIYnR32RW+GGEnlpfxGWpYW7i9lJu4jpfMp/nGvIxUOZmKVsJHfTPfJg3bq6T46DbEVffrJfECk+VReEezDvdhChfQHrufxMFbGO+3DaiYWZBYiPWsJuRR6evBOSG1TWO4e7xa7TxmbZJ7NwO3gNy0AYDkzrYwfYM6sUCLRw64MRanqDTCpA31c4366ucTq/doMrak9FvmtTFEJXU95jsgopPZ2dTAACA9wAAAAAAALvuO3wXAAAAXQ8QVAH3u4NKXO0sWd2snj5cQaskOqxZLl0C8ZWiWpHJkzKBMJ57gfhkFxr8/o4KzLx2H18Z1ab4OGWxzkCEy14RPmknF1H1NcFFveDk5ZhN8Ogd9NQS/3zJtRRKFwPi3hNJ8pimytMFDDwsH9NjaHgS2b8COa8jZyDlCO/UptSN9nHWCA++/cQUxoK0Q+tt5gMcSZE/LqLH8NLaEI55dP4msBXL6sC8GOAjgVHkSB30d8q9gJJcGcA77G1AgLZky44X+emKeUdeQplNNX8v12f/9mqGCiz0I2dsJBZNzFZF+rTv/Ovog3Ubc9eRq9WpiC/yemDVAWa8phDWEU9nZ1MAAMACAQAAAAAAu+47fBgAAABJXoVhAeq7g01B3yaBQ4qg1XDnZMVLsZK+Rh9Pxz+wW81tbcladB4PYqYxXOLXeX0oReQp1bT8nFaqQ0mgZ7FEo+XUH0/f4iShSZFc4zWRAWaKKBFyC//V3GVdAq5FaXN2Lw36OPfnh8VnDw80+e+Q1wVHbeUW6Kr5R8zFcSAv4ETk0BmjlRtGRH17/XxoWFRPPvzXCCaT5/Tg02ylOmX/BXBCdh+ksOxJtKRd3dVmsfwScW4TWe88KzEgTsn1dbbEKDY4C137TYZndmyUyU8G7Q8gfa6MPbKsNwwgE1J0HxbvSzbfJOZeYRfXcpGdp8FPZ2dTAAAADgEAAAAAALvuO3wZAAAA5fSWkwHpuwOJb6vwPpMC/uLInKA6EabrCRyiSD0tRH6n5qqsJb9Zv+VuE+gPhAOweB8rmPAkFoCdvqqf11TLAA+fzJXFubAacS9lP/UtDn6FZ6fvT3fnTjMOwLkV8gX9avP/3ITqmYOZSHFjF/zz2QsnoYiWdETeHqVtYRB+63kRIKaPN+gqJzW8DCbio410A30wfbGwfvuxWFOC7OmkLK6m3z70/p22ste0mKCm05TwsGEIsiU1iRyWT9jbX9kptiuIQNrqAZ6cLtPdHw9q1/DNj9DbieYFciyZ31sOfYIYPJY5Sv9tMqREE/wrHNtPZ2dTAABAGQEAAAAAALvuO3waAAAAg0zXeQHqu4NNTN8tAdXjf6C8Ha2JKub2FrliygQH5OgFdNIwgVGFQsOB+82YzDlOnpm7Y/LGTbWZ5pD0L4rl1OCXdOcflaGaZYrmg9SElyK6hVDVWEv/9HNY0kMbLrGo5pt0mF/TXGnwUVDIK/OoGDT+SNxBUgUHrWq6TooMgl/Lvk0jyrcQuc2qbIi187ZhloV179oy+nyEvlCYwbhKYgQYHfR74/fKLAbbpm3kqGr/5Jro0r1lKVub4shdDvPQjvGtQj9shcUm2Uc/cmsgQfEBI5b2nKTx8m7yg+gT04Sd2zhuxC28oPTEFBs113YpT2dnUwAAgCQBAAAAAAC77jt8GwAAABr2JFYB6bsD8/++XywK44oYFRPhg91bsJ9qidBvXTFbShFGZBrbEzRZfGtWDAXV2nFrOCZGT9WZgYtqMuTacrZNukf9DJSDS2NnYPauMThzmYIs5DVAFxFQZjMsrQ6FJw1+VcAzH+m/NMsCo/AV91vZcIFd6HH3F3k4heYUDvYSuCrJMpjD++qKXFZWShPCIriYGd6R6IkxrodpfMDSV92iXXWbWIaxD72oH+7H9NVhD9uPVtdMWFokFiuYgaNFXSRYhQyL65swjkkn1XFik+aSRm+oua5/A8akcMmwerkq9Yr1O2ziLdjXzgGuEAsoT2dnUwAAwC8BAAAAAAC77jt8HAAAAJMZQ7YB5LuDTECJVlJ5pvNgBzwcqIJtNomFqNcpkvPrCx5FJ+HlmJs1yBnS0jpWmGKGrCHe282ryyDCWUAfVMxnzQh2IuIhENQ+aXADY/f/ykK+sEXDgtxI9JASwCOkJ5QUNNkrjvAQpNo+WhMIkEIO5Dv8pw4asq6GKS2hgGZb4s9fIc5LSLChCtDlBMBkTrCmfsBJz4nm9pOtkNy0j54t+W7y201iPHp1oR/AEt++/K5kxXMeVCk9SDjjSgYslHBLw4RkmoPwUMq5Wlw/1pkaQHtrp3TORHTY2s8K8uUcPYEDISp4FBrtw09nZ1MAAAA7AQAAAAAAu+47fB0AAAC7HaqMAfC7gz9Tgi12Vj49eSy2rORPmnJuddV5sdfY6rrZa0pXFEys+IOUiBQfOUQEaK8O8P2R3dqMlNNViUpMcBd0R6SzPupPerMYcJSSyQFymWjdIzarZ7KfvfV4RHa2RW57+rX/we40SWcEQRRaND6qFaUBLdZGzjZjVTTOV6Ghqkevrn5LQAX8z5vUNaLnEHsYQ/kpXwzAIaB3iA3rMJzn8XvxENlN25NXgt2/ph/Il+2xBCDywDi8/dckdpRJ5C9J/MEGpSrxZZ3xX6VoAWo6yrH/gEyX48d+sjbBqqctwDEy4o5DDQjYKbdUM+8PiMXn/55PZ2dTAABARgEAAAAAALvuO3weAAAAeKTtlwHpuwPfHwooprZ1trlgp2lk+dFboTnham8xGN0uvltThYJkKVp2y2ACNjG9El6JU4/CsWRBrdd/8e2iGnl099hAuQbkwN2LtcMBk6SMk+Xq7XB9i4Uvd14AWpmaxG5eM6EUmLA2NEN3WDRE83V5RAuLT5XzB5RYwrAQrdJgx5BqlJgwqxIUT2LeeOpTXK4Fw3dVrO86sTygciQ4M+wken25sLIsjht8R6Th49LCmKphDyFZ4anZdqweNwFFsfcDjgHdawtdGpCZ00nlVikRBm9RhRWyAq8z8C3NrC2f2Uvy5ufEuuKhV8v3eKhPZ2dTAACAUQEAAAAAALvuO3wfAAAAKivGYgHdu4NMS3dwJ1ACs4ytInyL17t8lDFBv8/aTO8HxgSkHIf2MXVJrrtqcUgNDPCjhPEyhtuw8VF2QKEYNJdMnsKM7ZMW/az94vonpkEOVLnNZuYDQBUiiWR8Y7uQ6yw4QbkX1BiXPkYI72pa7qYnu9NUpYZIyORioOImcsvOLHqNXuWhY4n+zNLgOr6UlEYuS+KuT43KuueKbYKFZUHs9gawdOEA77PLD6CrX9MZQIY2EbmfARveZIH4t18feKDLgH7M3MUf/uzyvDT7xfTX8VB6vYvHDa0qParBI23J9EFPZ2dTAADAXAEAAAAAALvuO3wgAAAA3+hPrQHlu4M/VwfXDjFCBwIJSlcJLCXNuXfkwsEG+RXV/CKPxsz4BofOP6vvkwsiPnjk9JHU9IaJ7sKp96a3xjmlWtJJNWtd4IngHFUl1oRGdBIn5QERRwLlX3yAssyJF1hR7LdiJhqKVEsrnStpC6HVjYIQEzbcx6ldKehFvfQKTTiwBYQooP+cwjpLosx4tHHEdsv0Xp+amf+D+rmVyYII0ZkvWUUPdBfftzIpTq/kiMy3PjwkhKbKYYrk7dtm7ridnaq5V5GzTvmLU30MbbCfxHzt9Y6b1F07iN+9qLZWgMgqT2CKl/4+Q09nZ1MAAABoAQAAAAAAu+47fCEAAABhRW0hAfO7g19NidXp69FX/zlrXv1jdjAXDfJQdBTp+oZrH3HXGIdwzF3AVmJJWGClrcRdk3OO+MGnD8Lr/gEzTgl02w6AokxOleAAR7g6wC9a9VsPczPJXU4exvabZwMXl4bquumspb9wNifmIRWhIY0TNMDwQJ262Ee7jnlfholwYim/9K56d1x1v9IvPCT7DuQ0cwi8FudW1wORAMR3PVDz+Gllf/iMOFmi9UHZh0Vl6nGvmz9a46q2zb5pxSnpaiVjUgmkloiSfBLHf5UbF9QGCeCVJ2u4zMQqio5qdRGpxVVHoBaHVz5dHwRLne7f/NhFNebOmXVPZ2dTAABAcwEAAAAAALvuO3wiAAAArzDwmAH0u4NXTIoBywZCCyAK8fIwixvNJoEsRgPRiN6NeXYlQ/KVSRVR4Drg9aIdx2VVtaa93kIkN6Iv6nlVoC4ycgznqU/20+hAUQAW8YvAsG9ApQSTKPLkofmojEBdSYnmi2zRIHxNPG7WQdRCRabKy0dGsOvxmLrrnUkhaYv8qyVXddoh208/TIkxJVlupMgHgyl5l+VCkzFy7Dube2YOLO8nxc3byQ252E+JZ6H3TMZ0D9EUmNclOfL2GZlhBPYHMkAQahKib3UyGX1Hn71VYFSsxRwnqENsA2aSjV+W5bC0CALOpKa5NwJpgN3EmGy9sFAXm2UZyU9nZ1MAAIB+AQAAAAAAu+47fCMAAAA1hPypAeC7g01AcGiji8SCUgywhEBh2Y8A3ABjqj8YaVAa7MYHrA45LubAfi3gBmpPDG4eXg/uLgFZlgu7kvc5oEwj+mZgCnXZi5WxMIyapwwd9N3J9IM/DzrTi4jQT09p04P7eCmoNp+Ge62i4qJOJ7SWzRMsZHYIjehufabwBnh2lKqfI5aCdJgaIrsUagfHImzWrWZXiePnnT7ltjpuNNxMffunDWzSO91cTlqfwl+aAMwD0JZyw8qHUEHuPR3JESQ+manvDbmhB3Z9w1FqZ2ncEIC7NDkShozIQz7jKFawm4ElM09nZ1MAAMCJAQAAAAAAu+47fCQAAACZEBAmAeW7gztJPNk7qNG6KyLwkM1jGHgzF40p43n8UiWmndYvYwV67mdMoa+/M8pqpPCK3XA9n6cDMqSNykYcNVv5VZYcAGtstBo+DmpGMQqxcsnRdn/pHPmpwc1X7LTLoAKrCfPudF9xQphGBOhUqhO6sMaVP8Yw3bOSzHAqekbbhQDpgYXuyS74ARQ/ieBXkR5e+rLka/uKHkJKFu1P3DSCZjRCQZPluZtH2CXL/DkwPpVw1fB2CIOTfx2AIVwpmwVgXJNcOzmD9rUajr6Kj+Mkww/IA0c+IZMbrAuaNCIXtIXGorrtyEjPT2dnUwAAAJUBAAAAAAC77jt8JQAAADM1IbYB+ruDWVGJb6vOcqqa1cGxIgUEFvDxo9g8Q5cxRwfgcHLm4WORSA0xxs0PChxcv9mhhWNQJR18JB2Q8T+lOllAgrp0HwTkWlaqzMpBv5mOqp+9wbQnL+JiOGdvOnWZT3DkAMyeDBZI4MBqkCbDCIjWs/1WxaFGsUmiI+tMZ1MiDDraSPTswvd9TYI88PraKsHolO4biiJvFchQNFTyOQ21dpyS+BNeOzIgBOX68ByE6olbnjw6gVrGs3ovl6uJ0kuXYNer2yCgEzMoLyKJj8qeUR0WEYedgltwQxy3tZ+0g9gMuFNHlG0EEnb/jFk4Sw0Yslz6LmS+Aotjk19PZ2dTAABAoAEAAAAAALvuO3wmAAAAYTvtEQHHu4NNOoloMQ71w8IQeLssq0J2qqAfN9IF+x1ZZT0wLgxOGYg1NEZ8/QWyKul8DXog4lPWSk+V2xWQ9/CQUPcTY370ENWcRIiilHsEkDFl5bm5ImwTQF6Ynfu96oWr9nRzQBl8lOJG2/GkqEjjJKi6bFDaGKoO5dpQ1UtcV4YuDsifOex2+9mUzQ1jrBVTa2HaR8RrN5un3b02xgMoEwstyFa05huUNlKn+a9nzLyEVYoBMFgil5uMNF1W7wHH5/rrESIqKoAH4k9nZ1MAAICrAQAAAAAAu+47fCcAAAAdu7KQAdu7g0FLPZHRQ26L1mzfQfA9gTp5Ni9e5MEkBZq7yr0XHx41cEExNrhpFg+YdnEchMaKRfJHWsm9xC3hrGMho+/WxqgZ334N5dGMrzrtapORW41TUtvlHDAW1jEswgRFTaIA3/MAMMKYwlsNtDbWkt9cDp2ywSvBi8+JPzqulTixzR2bDmLkV2gRI4A+kfHVdtSCHgyAj1zcPVYd52VoL4o337Mf5ui012PnS/+RtNxPzEiKdPx7GzYVDv/KaBgPT9HKT/NgiLxAYsSXn5q82XiFWoUbHJAildnYwMNPZ2dTAADAtgEAAAAAALvuO3woAAAAaAF2cwHpu4NRVXAXuqnnPEnVLCQ2PuRXkmNss0U3WdvImUu+mWAyPbL+chmQwnHYeFrJnuafW5bIdk6slz8aVsK2LHYyhL9wBV/vnX9GjjGZ3u/vfsg59ePSXnEXAp9stTGPenu4ISMpW51XNbaJ2JEE/X726C3FGj78D/LOqSFRc47JUqilKGBrOljuHKSwnkFFyhu1AJhWHjrSzwsQD9XTfsTwYHffN2eRKrNcHtJPtSCBaSRt0LPFLKGFHVfzWzlN8QzibBKbb9QilZZS8GqgPRgoQhcmMSEZ+OxzroI1rnBPXpK7Ln3oYHRBWCtPZ2dTAAAAwgEAAAAAALvuO3wpAAAApiY2WgL/EruDYl2J6XdLkmc1Pt2awS2Tp3Xq29zzceIpwYMbgFm7Ayx94Vo5OUVdm68qpbSwBFR765OaiNAkQCyDdQ5oB51ZVGHJlS46gBRVtDMFvBukIpUC23C6xVV02eZ51npdkGprlHyAw4leDl4dpip1OQwgfqQuknxdRMzsyjjMgIly03nJhf9W+5aBNjV93Ef04OFfa5HF2NwXIfT+VuO98JWXcB6LhDg5C509aJ0TNH7T5Tct90/n6qqa86X6pVvnRHXgyYLlBMYGoNFDDLtFYaYTTK4+iGXWt3qKZbHrkQy0oOY5OmzsnlocFzPSJptRsyeX28zG9tLnAd29iWpoN73vGeaAYrqbCJyCRsf8MwcoY09nZ1MAAEDNAQAAAAAAu+47fCoAAADkBP1mAfi7g1tNiVUGMUGmNyk1bbMfWrObAeiahLpDvAEKUIl2FGl9FVkitm1e0JbPR/iXQJdB28s4bHHGwY7SdJXLYN1OW1ho1wpvJ555UiElwuS4cLS2U1jYfwpmkemC9Ph5s4npV76a02YwZ/71l/jYQMkyrp9fJQgRmkzFLJIb78ulxKL+sFvRJJ1uneOiJ+1XynZXl16xjHE0k57rY7hpn+2ym/e+UcLUa8h4rEBftAqf106uX/7/4oJwbbm/gLaoOeZu2SqliTOG6TnE3aCRk51QquxEE0YG3HE5l8E7x4ycIKlZO+veW6VgifLA/qjVSw/++ThP/Fi4z09nZ1MAAIDYAQAAAAAAu+47fCsAAAAGZvf1Aem7A4LhVYigyed+lsZyuYqqJSSXlXMWyV5zEOE9AIM+mUIBnibWyh4+0D92EaF4Tow/BmM/m62PL41GAa+h0gr/2jkKJJYny7ktn4vgNExPieCqlMWgR6ir7r3kpSByYaqPj/1TvJNsblJ7MAonKSSb2i9yM8hqw5Jy3SkhzFUsYuWmW5QtPELwPLswECpJ857HNsWczOpJ1Eh4Vs9xF/uRas5I4TVl/6aGTyOcXz5o/Y+ei+DvUfFn0fGyLPnwTjPNlNdcDx1Rg6T+W/6z8V+1/Utj21Xj6VqLTB4nDZkdnwJazMQPxlejuE9nZ1MAAMDjAQAAAAAAu+47fCwAAADYwDaFAeq7g01KcVyECP0Na4ejFGxjtACi2lsLjCSlKcRYWi0yKIcJ7TA6ig3vMY+8kpyAzMyqmsMR5DGeWNKB3Va3byo9iyVnzHazHIsiOuv8FdHP9P49agz888Z1Xcnj3EUDaXSKAPFFjAO1yc8kE6Ya2wEZI3JML+Z0HP+ZvMh8iraUIjDJiSDbuTzyr1RyLhcgweMCl0aJgsaDKFAaxHaoXpX5ZFdMHlGXJgJrERoDLq2ClBC2y2rg1QKQMkDoxxr2f1d3VAqUhyNL1KARjZnEWTnS6JgGULMiGEgUz5F793M8eUBZVbW3gxV8PJVPZ2dTAAAA7wEAAAAAALvuO3wtAAAAeKb6UAHru4NLTz1rrr2LmaMWgmWy9Sx18qMMRgsDhYEX1uit0wGp7HS1rJhjoPcKBNZMX48ugQpR4cW9GmWrxzQX3hst5Pk2ge3G/2xzF28U9dGTB4luzgCmGm7yhL86PaEemITCNc8arTZ7vn1N282CxXnlx0QQzJor2gRTvu/zSFMNGn4D/F5nKL624mwG0mUpc0xFJo17r55baG0FtYOUkz+JaCNwBJdBw3KXnyvseCqWaEgqTKzbrmJNGfe4K5fW4ER6Jg4k/kNFdoUkp+PtUe7EXm/pBfYU4FPOCuPSp6HqHZCIyPPT+SRlD67TM09nZ1MABPjzAQAAAAAAu+47fC4AAAAE+cEMAda7g0xNiVyLOvweTY/Jy3e7EYKmBWdukgC7wBEk3F8VzaRwCwg+qyOvIkWYoOkdf0OEK5fGqyKRhahohcnd5hZokVtMXahlR1RJLCcgYHkiX7Qy4cmJ9DJ0ShfTY9N1HJTxOOx3+rKo1xia4ubXLTyLiTYybcRcdoUFmJf1Xb8O+5+zHxXcpwoyVgR0Wa0NP6twIFhqcFDfbzHGyAhVnPBAsZhFmgZUg0uuSOXl2IEUV26tyMTfvUtceKxkUIv46N2SmXSvG221Jo+F4tH08rIYvlU59IzF, filename: voice.ogg }
