url: 'https://api.telegram.org/bot3f3814e1-5836-3d77-904e-60f64b15df36/sendPhoto'
payload:
    chat_id: '-123456789'
    parse_mode: MarkdownV2
    caption: 'look at **this** photo!'
files:
    photo: { contents: !!binary /9j/4AAQSkZJRgABAQAAAQABAAD/2wBDAAgGBgcGBQgHBwcJCQgKDBQNDAsLDBkSEw8UHRofHh0aHBwgJC4nICIsIxwcKDcpLDAxNDQ0Hyc5PTgyPC4zNDL/2wBDAQkJCQwLDBgNDRgyIRwhMjIyMjIyMjIyMjIyMjIyMjIyMjIyMjIyMjIyMjIyMjIyMjIyMjIyMjIyMjIyMjIyMjL/wgARCAGQAZADASIAAhEBAxEB/8QAGwAAAgMBAQEAAAAAAAAAAAAAAAMBAgQFBgf/xAAZAQEBAQEBAQAAAAAAAAAAAAAAAQIDBAX/2gAMAwEAAhADEAAAAfTdHndHeAAqqy9ZPMdrzXn9F9ObV5+672a1VtZWxRubBeYpaWWrq2pWj4F3taEWataQEkZn2szLeXHQ3+b9R6/MwDpyAAmAmoCavpqQxUwwSCOlzekpWVWUgNTkcPo8/wAXr0aMujG5bUm5i0NXutuVibLRtyiLlLLBSSsSty4z2i2ai0SlZH658b1XnO325dUD0+YACAAAAKhL6CCY1lfR53QzqEzXWSJrXnuV0eb4vXuahuOmgpeam1bTUsVeHXUy11Ymxk1NSJiJYUwgpasJkjNXBQNCHa55q0trPq5ifb4wCIAAAAAgKWvRSzHs52+wCLJpakeawbsPl9epudnPpoup2d2tUlvaJlu1c0wqWulU2XisFyIgisyqLEIVozxF8Fbh05d2s+rlD/b4oJgAAAAAgAAK5XQ5/Q1kiYsKXocHj+n855vTdiY5ddWnHrz0u1Ls0tMK1iLjqMmktiFmIEmLVFjKxS9JFoemMWHp4BXQ5+u59nfm9L2eIA3kAgCKkiSAIAK5PQ5/Q1kAsFsTHM42zF4/cRasa3UZnd2KtK2MlJrfPNTc9p/nuhZ0pzzNsqoLYJ51z0G+e03PVvx2y9lOduNVza8MuTpYOiu30PnvQeryyB384AETAAABABXJ6HP6GsgRZJN5fLYO3zvB9LJI689UxaaENzGWdeg5eq+fedFk6Mb06OX0pX4t+Iw2dksnVyMe+Xpk86cdNrofmq53Uy5uXpI03Te7wu96fNIpfo8ukQ2JmBQAAAAOTvwb9ZLDiFuRm8TFuR4vpc/RGjXIvRmdVVtpLxKdxWpx2dh3TmtbLc+udiHc97Mz0S3Rad5ojRbWVXteVei1MlZdOeLuW7Vv1OVv9fisQd/POjM+VwGNgAAEAHK6WDqWEhApql4ud+bx/QmK2vNejI7G9rM7lsh9Kzy2kpRipUtS7OtSGAh6G1ZegsVebSCxUilzNy6R+qbMmv3fPkDpyHo1Z1cDOwAIkIAMPR53RABBbKLy+f1cXn9KLwZ1jvSMb1MzszvVKbNTaZKZnYbZ1ZHybIL1jXasux3I22aopMlENz5KbndvGlqLbzp0of7vnAFltSX42ASgCgQABh6PO6IAIUtUw49yMdMF7Ry65U78uN1auuOuu2ds0+KFZ1bELSuXLrHoa8qo26WaztTdmNTbLGdPSoidOXZ04j4v7PHqbS/TmWHy2sGNAAALAAAGHo83okhBJAmfH0MU0vPoTjWYrXn1Uts8ey2JfNtbLNZzMYnWUIfn3zZjZnrU3mEdJ/neonRRodjpyrjMbq9TOvDS1ez1+W7btK3DOiJAAAAgAAEwdHndNajKlQCM+qY5iOhgzrBW6ufVhM52li9GN61Nw9OfPy9ReOmCOhd0xHRsvJv06QpfQqxLrI3xxLdnzunT5Po+3nfuu/pzTD6qqHpSLDVTa7IVa8yprooZ4erUxdXmdCW0oYkLemyzUulR4Hu+HmvZ5WW59KXtEt2VtNbF6K6zgpoXw9GeX2pN2lqWWIHL03N+d08fXz83FvVKzsr0d+HSJVEszXscm+Y0NyvUuhsWIJZrNSVsXWLbi6Im9psspyYMFvm60z2rL2+r5L1XLtsFNuXXztTcJsLXd2O2I1ZsdWkQRaWWXbWenC3M1YdYNiNG+b30brOrLox6gxDbnVi2ZJb6c2hcz8pZ0r5n8+l6LqOVehi6PO2DRJY7Kzw5z+bNc6iJCnT5tc32Zj6HD1r0Jy759K3N1a563ZGj6UmWLJmblxNzdXN550Hc3o2P2ZOp38zC6q1Y9uYQ5Oq5Zj24pb6c2lcdbV1jVatsdMz8zrnZS9MdMW7D0hBi8XZ0PK2rm1IhbwSRAHQ9F4v12daLacvn9eCd2RVsrFwy2Kms9CeewckZnSnMnOq7+V3O/DB6r5ozpx+hK4/W7cd05n43VlaDcezHc3043KmkxrD9GHRnbCqI12xNXJyvM5s6skpLMQRFbVq113AJKvSs+nx531svBzei4vD1ZFPfjpkRubc8e/UKyucSqyMzZV6nL6vq8vK4PpvMyHU5NtY9x1vmm7ePfN4fpLDJ0ELhvOjWM86iazaJbmoz70ViHJ3j5mVvx7RAQTAFL1qLATMSESD/AKV8q96dtbZXgZPQ8Tz+qtKmOjHZJrXlrmiE2yXLvU+V9v28/l/Ndrj3NItW5lib0zZhD3fc+VdG596/hdreGlZmpYqwxLVRRTo1n5Ldd+fWSBAAK2rRNbBIAAR1OXQ+qu5HWWuZuiXycdrieb1yqy5qk3unOzvvrGr1mXR24fPaXpZmkhmCYpgu5MwJbr8aa+h7Pm/q949MVtKxd1xBBqfJGUvz6QEgBZFbwLtVhEwFqyERIdn3Pyv6AdFudy35XTtnXmK6c3m9cu6B34Y76MfTjTtcXYZvI/SfEZ1x6tWzEWrRMBcgskIltdcnZ9n8102fUKeZ9HcyROp8lvRnPpEWioJEgAWykFwCQgkmCvR56j6W/wA521045VY3DvZz6Oq0688yNtE51NyV28/N2sa+eZujzpSLRcVmaqTE2SQFgiLTSys6fIhPqbPGez3n5I1d87JiAmJQiQpF6lC8FpgJgAqSO9h4fsHrTSzREOnLF0+J0ZrUu5rNcm9dclfUwRzfLem83jdQLgImqzIQASEBNJLkBb6f8r9/Z4BtLzQEQRJZExJESEVhhNbQQAVkAJmvddbzHpDRW/JzrgdXkaeHp9VYPT5bLbVF8zr82vnja356TMFkTW1kSCkESExNVmsloAp67yPoDhWpcmYFIkSAAgCt0tC0BBMEAEzWTp+z+de8Ox5vucXl3563I4+j2l8G/wBfiZS9Etj3ZLPBZO3w87WQM1iSwldlsESBE1WYC0EEdnjdQ//EACsQAAIBAgUDBQACAwEAAAAAAAABAgMRBBASITEgMEEFEyIyNRQ0IyRCM//aAAgBAQABBQL0/wDOzZcctq1S8oiGywll4ytkkM0lixbK3TNEbSH8HTlrVNW6rlxjRcv0en/nZyyxM9NPlxN82eOlFi2SEs30MtvNXVCai48dlosXLlz0/wDOyeeMe1iCyS3y5F0W36/DGeDksNfF/bCu9HtvP0/87J54qX+XzF6hi6VlbJZWytlfYeXh5pGIhZYGalQ7bz9P/OG+jF7VL3IbZeM/Is/KNs2JbjzfHjz4m7v0+Wiv3GsvT/zh5sxv3iR26Fl57NxXNxjLj3yWUv8A0p/2u7YwH5zfRIx3MDl3Ft03FlftPNiZcm/8v/nV8d3A/n9EjH/WL2ixCYujyjc3LM3Rq7LJDdnr3nLdrVSou9Hu4H+h0SMXT1x4SPEdxdKEeBPp3LbtZskSR5lzTd4w2j3cD/Q6JEysrVY/ZkBdKLnJbJo3zvnwxjGW+d1rw13LD1bvu4H+h0SKs9JVeqpFWyiLO9i+epI1Hli4bJS2liVEhi0z3Ue9EVQvceT5S+UfisOtNbu4H+h0TRUn85Hnys72TkhVEh1iVVspykyMjUXuXGyRUjqNMrxjNmndbOElkybsREtobC37uB/odFitD5tbkeVxlNmzbjKQqEyNFmgvYjK5pGkTek3ZqhE/kUkKrSkNIaixKzGtqibIRP8AlcLZdzA/0OjgrfeUS1xFtkMauKCPiieMo0lLEqTVmR+RbTKDuMmiSaSoyqSrYdRlobi6EqVOnUqEPkacpIS+KKe7HI1Cl2sD/QyWUit95bxgrxtaK4LMfE5VClR9yVTD6ChQuVYwZCDUqltdJ7XJm04OA4al7WhuEpCgke0i2zHyuIlH7uXRHs4H+gJFspFVf5WiMbSnyLJ07mhGgjCRb43HN2ZTynsI0lrGuZebLMRwSZy+BbKl0x7OB/oJdEyt/wCnlbuo9yPJa40OBokaThD3ceSQnnv0yEabt/IhyuiPZwC/0OiRX3PtGF1OrkmJieV87DyismcCLFi2TLkmR5XOixT6Y9nAfn9EiovjpHZurxwxCZfLk8EnsuVlYkX0kZp9EhkiBTJMh0IXZwH5/Qx88N2u90+biZe4skspOx9peYkTxMfF3TcZ7ai42MZAp/W93Doiu1gPz+hkuaiLlPeNWO6R5FlqHId5P6yc4imRqDmSrfJTu+TeDUjUXGxmliQiOaF2sB+f0zWUqNz6j3dsrly4hrKSUifwI3s3OBrkx0fnRh8rn/LTRqHITPPi1iIskhLt4D8/pms2SdlJJnkRdoV2cZNI02k0ibI8zdlsk5rXTbZ7dyUGjTcS3gfZMihCQl3MB+f0yGspInzfa1hoS35cUeWXQ38JW0uWpbqrq31PSnJxotpQ5nuPd3ScNN4fexCIolu7gPz+qURonxzLORFXIbGq0qlezVQVfb3JalqGps9ln8e7jTUU46ZU91KS0Vdo8jnaVBfGEBQLZWztlYsWNJbPAfn2LFuhxJIq2imcLxcZDhtWqU/cbgOETTAUYlonxu2bt2NLZGBJjtpvZafclSiRjnbNZW7Hp35+bWSylspYn38a+N0o3LkYkOR7IcTSaTTY07aBLKMbDijEIteEvi6MCihDZfNiyv1s9O/ObyTzWXq2L0U4y0SoPVASI7yWwtmkNXHHsxLkty3xo03Oo1tRyZcUhsciMi5cXQ8men/nPJZMRjsZHCUqk3ORhKt0mNCTFaOSey3HYayQh5JEUL4DaRJpr7FOOnKmXJSLkTw+YHhveMupnp/51ixbJmIxMcNRr1516uUJulOErqD3ukXNVy+99v8AmyJREjhPJNFxv41JHLRAsQylyRPEuYHh8p2Isuai+TPT/wA65cuXK1WNKGMxUsVV6MJWseBtIiat9e7e8Tcas8uVDad/jKppTr3dO7iU0WI8kuSAyXMB8PkgSLiYhnp/5z6PUsZHEPpvpdKV6adxxuOU4NTd27Cnc12UZ/O+9yMyA5xiTxNhylJqJCprEU4kuI8kllBDJcwHw+SJIsQEM9P/ADnn6lj9Y+nyYOv7VSVNxUWmSipKUdByL4v33ZVkPEDrCrWfv1C8pZKNiLtPEQ1UsLjacnG1pMQho05MlzAfDyi8rHAmM9O/OMVi6OFWJx9av2WemYj3KdTDiY1s4aS6kOI0XLly1ywo5SMNLVHE0/brYfG1sOUvUaVUuRkajUJ3ylymah5plxyFI1mAlp9OxfqpKW/aw1X2MRTlqjVoqY00cOUNRujSOBoYoMUBRJcNkXrMG9/U46cSy5h8ZUoFHH0qotyzIrKSysaTSKAomkcc/wCVUnhr9L62ek4hyiipBTU4aX9RWZp0i0taUaUWyqPeTIOxgY/P1ZfLopYqrRMP6pTmQtJDGt0upjWUH8O7hans4qLuipT1qcHF2cBS2FMTylK2V7yX3wcbUvUXfEdVHE1aDw/qsKhdNPldTyaIfTqfWzAV/ew6LlSnri04uyNywmOZck7RT3j94LTTx8v96e0+vD4yrhyjj6VZpl+l5x+ne9Ore3Xg7ob3rUfcTvGWra42clrkt5cSwdL3K8tljJXxtXfspmHx1SiUsRGtGL6HnD6dceu9pYOt7tE/68YmjrjYZuWu2tMY7ioTqSwtD2YTMZB08X9qXap1ZU5YXHxmJ3WTzj9Opi56/TK/t1b7ZIxFHcbEPC1JxjQwtFTrK1PF1aU3ueoYX3sPS3XbTMNjalB0MTDERQ84fTrX267uMsLiFWo+S9yTjGNVR12u6dP217epuKRpuSimYeT0rjFUf4+NmrT7lKtOlLD+qoUlNZQ/8+vz2MDX9qrGRf4p2NbnUnS91UIv+ScjiNWJoleEqc1KPqNH3cNV+557aZhMZLDThNTiQ+nW0KXZwWI9ylqKjIxZ8otVIyasXykicfiKbw84zjUjioe3LN9tnpeK0zIfTJ9Vi1nfrw9b2atKd218ls/snTuTq/x4WLDJLbSVIlO8V6jHVDv05aJ0p+5Th9O2l14OvYja2lM0tCZ6i/8AFhanuYfOxUhtBbY6qtffXPpc9eEh9O0t2+tfCeFnroRd0S0xVWc6svTJ/wCN/VZIn9dUlDW3Uqffvf8AXo0/lD6F+z47Hps/8EN8sdUtBowk/bxHiPAiXFSFitD269TddHjsrn0l2xkPp2Y9rA1PbxMHuYiXuVWX0tNSUco5T3j6hDTilvQz89pHpr/3o/Tp858Psq6eHqe7Ru9EsNWgSTTZg3/rLkjl49ViUt10NCfZRgXbG//EACURAAICAQQCAgMBAQAAAAAAAAABAhEQAxIgMCExMkEEIkATUf/aAAgBAwEBPwHOivvCF0vGoq53w0/XazV9dDzD0LskSXjoeYehdjQx++rTYuN8L4VZONPm8IUEkLCxZeWzcJ5R+QvN83hC9H3mjxx/0F5zE/JL5PMPiS+XDYJUJFY2lYZE/If7YXRpP9SXyzWK4UViXogazueF0aL+ifvnfGfob2xseF0RlTslKyL4uRvRvN2dRkpN4XShCFhyHMvFHkjIsm8V1oQmXhQFFItFolnUZRWaxWbGLNliFiiiZfkbH7yxcWUMWIeUNVmMxSTLHIbxusZIRIQni8MvhF07PE0PTKwpG4chRs1Y0hD9khEhZWa4xk4kZbihxRsRsQoiRN+RoZeJCeEyyxc06NPUTGuLGNGw2jQkUJDXVZpzvgyZ9cKF3J0RluWWSdsj6a5be6L2ifiyWr/wcm8R9j5V3KbquCZP3/LXi+H10PsirdE4/rwXx/jRpV9j8jzD30//xAAjEQACAgICAwEBAAMAAAAAAAAAAQIRECAwMQMSIUFAIjJR/9oACAECAQE/AcI8z/NlweN3vWnk72oorVHh74598qIP7uhZn3zIXXF5FtWlaJ0Rla3WZTbeXitKKK08PW6wx6WfdfQarTwFbLMv9hdZTLQ/o8I9hu8LHgX+OHwT7F1pe7I9jPEqjh8HlX6R3rWHYl7OhYfBJWKNDWvqerPUrMERilhvhYxjwonqLSUSiCw3xvDRWPYvDE8+NFl5ssvNZfDEooXWKEh6rCHifx6OJWEhLHrQiIyI+yhlbtWfYikXiij1HI8btjF0IZEfeXm9XGxxrCkezPZlvEF8ExFYiPDRQ1wVZOFbLrCdCmewmNljYnxzjWiI9H7otELiaskqeUJUiWylzNWV9oj4v+nrQx9C2sXK4Ju9GiPX8lUX9rT9/kk6RGX3R9/yeSxCzLh//8QANBAAAQIDBQgCAQQCAgMAAAAAAQARAhAhAyAwMVEEEkBBYXFygSIyUhNCYpGhwTNQkrHx/9oACAEBAAY/Atn8BgV4jrIcBs/gLzarpxXVdOY4DZ/AXgNUww8scrqhj7P4C8ZdEwHEvohj7P4D/om1UVn7GPs/gMB+KZQHnj7P4C9ChxcB6qCMa4+z+AvmT4FAs1mspZTzX2Wd1pQlP/JQvpjWHgL7cFlJ3vMgrOHUoY1h4C+V2wX4Hsn5QrcONYeAv7zYjXXnms5UmU6YKE41h4C8cB3VC6ovtLtgVhZZFVBCzmbj4th4C8e8jdzX7lR1lQLK5nOqzCqVSKE+50uhDGsPAXou+DVlQ7x6Jo39L4G/p1KiHPkSvlu+ggRFEDo6qHugybrjWHgLxl2XU3Ml8QntYjEiN346rdhDDmV9Vl8VS4xWZVRvJ4bP+18pPMT941h4DAPUXaypRfZZ4WSyvOicew8BeHaXpPf+yz4JuXPHsPAXguvFPwOz+AvFPL/Cbh3R4DZ/AX2lDjtLpxGz+Av70q6oy6XqoypOgcoOqrpe0os6cBs/gMChaR0OEwDp/wBxXJVXpwoweQRX+1S5STcBs/gMEzaeV0uuy+qL1VKIRfUrQMsqjNUXeeSGvA7P4DFaTS3SuyARi1GSZ+S5I7oon57yihPNMzpoTVfVijqsqycao8Ds/gMJkehTzfMIFZjVHdfdXyjTO/pfUr/jXIKpM94DvJ1u/uCddOi7l+B2fwGDUp1un2n0ll7Wsq0GkqhZTyWU+ipmv8Kv9o83zTvwWz+Awd8xNZjISeWVAi/pD+5MMLUJ1XJOTTsmZb3BbP4DANhB9os+gX+lZvmyYSrkMk27Vd50weq/wm9IwlfKoH+eD2fwF/WM/UIxRFyZRPm6yTSYYOc6jiNn8BeNpF6GqNpGXJmIh7VD7VU2iFUy7JgUWT9Lzw+0COI2fwF0xxlgE5pDyF39M+pf7WY7KgrIIjovSIComQTjNPPonOZ4XZ/AXRZWf1h563nCEYqJsTmqm50VEEy6qqYZrNMM0xG7HDmOF2fwFz9CyPx/cdcDci+sS34KwaaLOX8ZUTNVc1RUX1lUzC/WgpHCt20+MSpwez+Al8y8X4hM+7D+IwjZxfaFb1nnoml8f6w97qt1RQaJhE8OhXy+J4Kwf8AjBs//AJoklzhwx8sinTikWqYhopOM18sEBMn1E6Vh0Kqd09VTHs7Mn4QwswxjZE1hylVNF/8AV0lTJZC80ojyQ7XfhH6TWw3DryTwl8WHtjQRcspsU0SpUYBk+qEP8b72cXpbtr8TryVMMY4PMUM2THNOFW+OqAXYI4HxieHQpvrF1whj7j0iuUzTcxngDSGVodCoYumEx+UKeE4Ax3HJQxXN6H7CeUyV8R7Tc5R9S67Ybwlit20ob44A2Zyiyu78OXO5UwwDqq2m8U1lD7KAtPlZmm9pLehHzhqoocVneHRPCa6XR24ARDMIGfRfKi+IbomTQ56qqpIAiiMEVYoZU+sdQiMXegLFNbBuqeEuJjgd05RS7roFvH10Tikf/tNEGaVJhC0Ayz7IRAuCt4faCqfXHY1s0IocjIYNcH+QoqdkIPZWayVc9b5asHMaKhdGH8TwH6MRocpDCoq335HNQhE6yaUJOW8xvuELTXgBEMwVDFqFDwcMHMGk6ShH5FQRer8FgNHi4ED8aIYfTAESHSZiNAM0Y4/XRR2elb0cWcXJb8RqTVHgLSD2h24Qw84TMWf5VPaQ0iob3QqOHQqE9OA7hQ9sI4QHKKk4ouWQkDzCcc63n/ILseAgQ4R+YUMWqLZr/jKqCJQPegi9KIa8BZ91/8QAKRAAAgIBBAEDAwUBAAAAAAAAAAERITEQQVFhcYGRwSChsTBA0eHw8f/aAAgBAQABPyH6BNGlyZi4k5LuWohcEj2FRHsiJw5EoPJYgk8CcEGYwzCd940Ql6ivTgxk+B4gRfK2GodBmlrZi3Od+TCfo/0C2hJCcT+sTaMhO6D/AKAktYS4IbpdiTbtz5IGhCe6BOXJnODyJUVOwlPyZSJmJUJKMnQ1TRTEQyN9EkSUyp3Fb8C1xC+Jcoi0iI2j9GNFQHD6sTUN6RoOxskERO35J8LvczGM/CJWQkbiZsbwJIOkkkEDVsSoVOTwPdoa7el0kWnY1mDsmh6OXD38CIONuuv2UT6yTbCeHuxzU4UpgLvQxUhK5FiEcBCSSBbZueQ8pbCDyKTG0ehjkas9g8YNq9BZUnIUFXlAlltnr9RJQ19AoBvRkG8QhN6hkiSWPyNt7/2K77FzG2iUITVGKhpVCYjBg8jUhxIyy+SSOiIcJwNHtD7CczRMwJJ8p9xmFmfkX7AE3A064GV9F2US9BLfHyK0Nw+RJVmGNWkUNCFgTXqMVY0+SVyOkIgWxkI+RJa5GFhCcWOYrkpsTS7LrK7XoX2dqY8ZF+qw0BSfRgNKubLLg1IrJKqss7MipvcwpF2JW1k6k90K9izJskd1rB2XsNyZN+g0RCY1eSFkWiCXcExuVUosVp+s30lgbm7ogZwkkSR3ke4HIYHRNCRKwPwJ3HqJRUoh7aMTucvB2n2JbdSFbf8ABa3Y03uIjcRE7h5lmwlDXGw8CgKo7lMV5sZuUJ/Z+wGMgagwKKzA5H6Ia2J+xCgkTjaiWo1F5LcE6Z8dEpLH2Jhw8iez/JfBpE21eTB5GDopsc5hm4/JH5IkOF+z9gInM4GL+xsBm29jATL2ErFo8dDFGgkvYOvIl76SYbeCdC8DvRbiyRGBJHZWGJDt4SBJF1QvJMMl5T+uf1OPCGNSlmylFpbspNTkWtCE+CFm4ErwK8EVBMVzGRKn2JzRDkZMQZEKwtm652MPD6Q3JN/cZpQ52xqtp0NCJfMSybkexpibGZj9nZjVEi3mR4mFE7iuP+gVz5FhaKiMzGG8C3GnoBKdpYkto6GNtscotWHRPfQTYOTBNqxTSOPTf2MnQ3byScEpc5JLaLmBtV9jTJnoxLg64z9x1t3ZQhoLkv2XrDsY3GSYfMRw0MwTA1raukPJ8G7EuDyh9buRieUS5kgsMTPbE13FNOA8oaxwOwtE5TGugp1eUVbzgZMSbRcmIwJeuk2GkKSSShfksM7piwrr9iZKTARLzBu2DJEeTFRhYECHmdpoYiVRvQLljIoLY0g7NNj2JU+myCQ00+xtVuORMhJM0nyOrXuXCeZcFu4HkqHUA8kVYRoi8kklNR5K22NUTYyQZhiI07qfcb+gic/qGSRKBoR8sRsScM9QCyG+R6G1E/8ARNNf1ZiLU7mER3QhnWYRCkktdvAjUSapNZLG3k7MbEag2hSzI4ZGxZXkkilQwmJ12tpYHtoXWRZCQqPiLg0P7wsQ6LMqnr0G51b9M0goaLRNHlI2VBYMAsSeceBOPQt4EluIuzjsaFCQ0efmcS5wOKTaNtjoqKhVIkSSSIbViUElDlZPHJ5R0HqLef2MIHORsciQt+T8jyHBJNOMyxfraSCUa4FGhuAia43HuAmN5CKI2/OhwOBoxQnvIhQEZe5YvcbDYl+rFlRoKrIWyZEpmBOIkTkcR2MeVwLfmijOw01ggm3cdGH6uYxKPoehXIsoTqx2KJq3QqSUKsi8lfZbenO6HyG+zJhLMawPjcV4L5EbVn+IdRXsdDLQlA/Lg5FUlfxFMLew4JmxKT5FqsifraSidHqKTRgHwxInm0nYwJw0xuBRf2GRJRsJKXQ2pFrc5GomYi5GMRLZ43FGaK9RixIqf8kF4MR6eBOeScSRJrkSvoWzD9bWOk1P3FhYkS82xIf7ioQuRI3cj8DKkYRGUtRmBtu4I9owsqWMtCgQNjchDR7GHRuKBvwPReFwPDN82JJ+MCfszWGk7DbJBtcCSbvxkdUsXRA7xyJNK2P9I0I5Nn2KmqnyJwiERPLQuZZNEKUbmWSL4lA6t8SRdYcCUASDYe3RaaIEo8g+HNjmELsLWqyJH6+mWDFO22eYGrrJf9rJLiI3MpIURbtxUplBOxSSROSsbiyks8CRwhgx3dpnQ7SuSB7lML8zSuxQi3CpyU1bahf5PQxn2iZ9FsE17ENxsdlHR7ASzHSQi/ZaGMvLoocUJpdbIm/D7MbuGh7iSRC9hXmkOlKeEyeXLe5Cl0h1CUnN9iac9FPQtNJScL06Gla5SULpp22HH3ZDXwJspyE+GKI3EYFApYfA9q0meCzA2ClPs9SRUG55QZayUg/ZaSUXaRZw6N3aIZmaiW3AmwtsfaKeuNBgD2iZRDbdKCjiFKez2K5Zty+oyLTGUxw4N/NWxlkCuCkiYLQXmoExNUs7MeHZHCxWRMXaYnkZ8Spq5Ei7UWavgeayo/BAVbeWJBIhxhSYzSUP0I/T09CAlZChjSkxTVEnDXHHwNNzK8iJWsDUs0bpwUs3tJcDRUYmzexmszltb/0LmZP+jINWoprE2jrpRCQ//Uxn5xZGhbOF2UQWvYbMkEXaplwbbSrwzAYL/gmCg3DU9m9U5ZJncyCUi0RqjQkLXsMta6Wm9aUlGi2JTjsinhScilDkrshNLYabjdK9tuytbFkRosnb2omZbVx2xiE3TI5T26GKXHJcOfHhCzuSOaIVU0SXA3Eobl7CEnhw7FJNYS9JMlk5aSbCr6JTtCRCbnnIiUlhUVEaZDwPOhoQQ9WNDyIVgn6SxUxukhTbRn4/silTWIxuyaKsophuEmkpVCkuTC7JJwp0GWav8kfERKnx2YtfwNLAh7aE6VbigmLFgSgSMSsexHUSQFSRs0NNQ8jIcJRDRF1S8ic+T+z7EtUdKp50Kog0pyPBlrYTJJJGzb6KqdB2h5M9EuVV5BMjtJOOwz2RONq5EQniOXuZ8jM+gxx5EyqNzII/0stRMNe/bFTR8kEPInKoShYQ8H2JrAuxL3h90YKMCKTc/kTTp8S85ofu57CUiQgsD6qgvJDAaSYfSWNem0yNteVV/wBaxvBqW3ux5x6D1OX7kVJozkZCtOWvgkOXTddEC2XlrcSTzgTJx7jOzdfA2WSiWqIam/cbosf8DKJN5UG2qHsJJcEb7jC5vKQk0WzbciEhDVCwzAsJjj1RsQicTkS0f1ZdNMxnin3h+AmvAxjQHCw5RGOJNTApRuYJksWck8EjdkYJuRSLwnsd+4iSkiVDgfRDJpifIlKFk2V9iKvMIcKHFZHHFDWBZIUnPoKtO+TZXgc9i3KTnGnASx4+gvUHomicqPTX6HXlFYRnpr+Rj0eCf79/gTTQae+eA4hs4LpS5IWSd4KIVrvRBpSnoNT3iyVvJJonPK12KGvF5/JeMlDS2FkeYmGcLuW0J4HxOBKksNyB5jUotB41EMPrBGhCuTGGvWWsxY+iXy+QbJMrWScyM9H7eSIYzSflDag1hVCSugVlhi1T9RNC8E9lluRrg2x7qURKMcJqU+f8yVzHgdaEJlSSJNrHtpMtjyRq6g0llBQMMou0gMPqBYiShtIjMNcl1mPJVv2LoaLJ9STY3WjYT7hbMsAzKX/wLQwJqZGNcv8AA7PaBHJXobHaPkLW1/EpiUxkgSzZbygclNIbl0cIjZESXk7rkZOwM8omSuZ4ZVbJrlaTQx5RJpUIw0MtDPWyRKE+hgmeEDn/AKEraTj5XvpRGUIXYvvqkomb/CTt0ZPmb5RGehTkOslBIU73RwDhQFMsLJpjyfBt3oSbYdHYyjyyMREK3zgSNSnJAJBoSh40Ih1Gl6JwNGXMgFIQyySUzew7p5/iMbA3LbHLsz4IsexgTpD4IKGqOVHsClI5TNjDA8zjseQTsORsp6ouif8AoaypRzCEUFAxOB2OfVk8TBLEMgZ1F0QaMtK60HjVFmid/RlAxEOhOBw+oJi9eRw7Nh5zYn/emGCZihMS8/Qko/OeC0Q9PD3Q1mbkW1hNmh577kNaDNGOxbRSPgbhIlhI5iyuyTaGSPW3yHa0TFY7UiXLA5REZRBHuhirQVarIhi6cQ9DTYjPPWr0iGLB6EaPyP305+GXuiYzw+CA3h8jtEloxtTKUC5gY30TVsUsK2Ny3OxvBdYxkVUux5i/kVUx5xomSJ+CdlL2Eale+CkmlPdaGH0Jj0Z0/s9LHZBQykM30XoxLSb2FolJ/mEYjb1EObOz4GcVzZD3LVC90MsWSmhy7PNPA5OvQnEs0F8YiXwULR5nR96JzpJI2jkMQhM+gLggTombfQWV9EQ/OkQfJ2cDVQK1Jtoo5N9tGT7cLyQpG+guabRZTgRnQSjMnjHMuBYEPTstFzUbzGwkFcHsUcmjOiE0TrARjHwPY9vbgZOiNjLXB6rSzGvEDZg+mIo9T1McaSXU2lMVuDV+SaFYdCnvkRRHQhgqkt8wJd76AqStewV7o9M4qovZh5YiNfIm5060wJiO6D5M79mIQ05WiMtc3hDvfGCUi5Q8Y03EZnLEb5g9dLI6JBbnkIE4aJlFiyj4OyEuESPHoZws8JEcct3v2Iqr3CAaUeJETDMIQ276Lm0ZIUu1wehJzpEGTbSY8EpE3JcEwIgxQneSHmqbloy1+SFxp2bHk4g2PwDR0eT2MKSLjg6FRBkoUl3v0zIzC9xTRhCdMkxGTM0lPQmlFLbhHu5+JGR58iGiHJeJHlppolFgzytmWNOJ8lGBq8Dk/Jv9G4tExBZBpq424E1Rm61wY2N9OXq1ka6ZtNs6WXuNoWPnsyNe5b3F5J0uSapn8RCXgsWAVEIFVqROUF0xwqIcvuK92TsGVG5Is3iW4gxCSg7Y+NxcGEnBcHyNmYY+hFmxt9EyI3wT3bMrjwM6nA9Mnoj7ECKEkoFsSSYGKvcJ+ulHa+xMdnraPgfTjggpe8It8FQS8l/0EiFTkznJdCQ1WxQEjOWPZDKYlo9gRQ6lbHK/uRMEI1gbc2peNtMs/gyMP6pOtMoapHfCO9MHo9+TZyNY/A/BxnOm3BYdpjqgy6F0Y+Dr2OIH9mMR0P5EQOnjsbudyHdd0J0MQJEa24o9lyKW477CRX4JWMCBvtEV7fIlKrSH6HknSSCL+jDMsnXcdvRIQncqQ2HBsr6Fse/BxonQ3ucprSBwRZ0tn+Zt50dF8m03KGaSc8Ea1fI79hEqaI5+76CXUTEvQbryJS+RoVUSV2JVUPi1Ag4lrwBrK0wSfybEa7jNxOC9GuTo7YezQtx3fQy/kx6H2sjT00VInAhGn5PX/g9I23HaHZkjT4LQESJgtseNFVhCVrfHwxbWXSGYEkzQ4vX5QreTGYkd1kG5MkGx/IoGIeNZoYsj06k0bfoX9j/hEsczPRvpudod0KFAeT1EYYzzpn1JUnvF0MrIQ5NuBuMZf/3STuKnxpSXEQc9nDJBDy21zpFn8G+rm9MPXZabIyFbyrQKUaNO/cw5ONM+x46enuE4jSfbSCfc7PG5XubIJn8DEm0itLstTL2BJ3E24iYg4kgINDZ8jQkJNQpLO14tNzBMBOVRJI9dxaM3Ii7ZR9vrOBcPwVwbvJv1JP4MP1H6LdmV50n/AHJ/vOtzGn4YyCciE8SJ6lIXkzDFylI+eqISFLx0O8Zx4mh50byB5eT05seJtfI1IxWpOUyPzp4N2SbabiZ8j//aAAwDAQACAAMAAAAQV+pUYV3JbWyBe4/5QcqLz/4D3BNgUBnULVxoMsRK/SiiCe+gw8RDEe2BwnMLpuBL+pQogC++Ccs5FL+dgtbPyLlDAI6i5B2+CC/9iBpSNoukKrG1NWo1tSf86EI+16gDspak4K32lUKVOSlR0AU8+0qEEWqKdS8zekTJ+HfZUEHs8gAWoBSaRSrga78EKwYyh9sN8gA8G/8AOijpDfuw2+ke65ynce4AEPFKxuRhxANxF25Niynpp7awQBPAIzzEcVPW/hh4GzHOZeNIQQPPDBj2K3WyUV/xGhzgq+IqkABMEbdTCx7EPqB6nh4esr8wM6k658gpwSnBkqoFwSvjMeReX+xI8Q5uLJ6FJJf+9BOkDMJQ/Dm4WCUHtglqOD2JMZv2pjlqxMe96S6t1tDg4ODPCqNipZjWZUYsv7n/ABftyz5yChSt9QtGF+AZNucSOG/QJF+dCCgAGX2YBxCGeehZPdr1+eocdCCXHQo4r6mlJGaEqv0ZG8z7q3FhUkIlmUDA9YlNEEXaDD/gpDHm1kXJbT2qC+DJy+T10cp8KyTkH1oV47MSutsh5qt2XEV2HWCYnkl3Hr4DgfrDGScrlwelFWtGR33++E0x4u8jSaXwa3gNXRH3/8QAIBEBAQEAAwEBAQEAAwAAAAAAAQARECExIEEwUUBhcf/aAAgBAwEBPxB94W/VMsPhlll+xwLrcbXzssjDwfZ4GGO3gsjJbbb9iZnjHdz8pwu5ePHgRx+cJ9erbP2ku+V0lEc5ZwTbx2XXBhiPt9mLTq9Rbx+xFON4PDL6yOP364GsRT29cKUJMaierC1a8ZG6n29cDuGn/wA5E6uj2x5BZkvWyN7Jg3hepbLsLEO/PqCC87piOE3q92DC6LFiTqAWXQvO3nn5knccEnefIUDEyzLqRYLJ5F1jAz933glRr6R33EHGXjerCe+zjOIdUtd4HXy+8sQhzl0kMT7b3Zsh5CXuBDst0ZdavUw1s+X3lXuU9IsmBJTG5akHs5M6mY/1953Y8F6lwKC3WD9uygGW8IGbAMeX4RxJBEyxJeRBnAj8jEaJdy0k3hqQEYi5d6vUMgJdQ22z5DYReORMv2RY2w2RwDiyOp323J0yfcnJO8PFiw73YnyWcDvlckdyY8lnTbkhNVMJZ1ZxUGke+HmfY8k7k+T3wDPhzqAdSXuVxEAcGlz8tjrAS0G8QBLxIIKQftVpdC+8GcBLhFFvxA+z/iO1vatmA4Ex4OH4IQ6WPH2csLZ/l7nsv/fw6vXfBMm/yRaR6coO7yLt8hNlD1w/yOFW2gi+cAG8T/YY5xnwhnr6PknuE3ZZbwfr9psnf8hy8tlgjwHcml/gP5nc5CPofHdH+cH/AAmaqsh7hjnP4f7Z/D//xAAeEQEBAQADAQEBAQEAAAAAAAABABEQITEgQTBRcf/aAAgBAgEBPxA84HV+aM/JNZ6vbOC3sFmcbJ+ntn+DqHZNtR5HDVwYbeT3xkchkjjsSzP0e8B1BwO88LwfCE89Sw+6h1w3pMzwFtts22cDddZaH7POGx7mZ4OH5xk8MvIBEaffjh8sBPnIGFYzwf6syOGJ+PvxwurqseTMQEeTo4y426wa5f8AU8eMh0sKTPnxLN1XAxAPce0jtK1lwSN6kvVwevneuFyKO71htkT3wkbd3co7C7YI8P5POR0h6Z943qCz/ZOoCReTPsI4CGGcL5POceM3W7uTg0R4Tglz/ll3XYBFh9HnIj1wHczPcQZdTYQMdbsIv8Zd+h6t4eKQR2jovWXe1ZMm35rN+k0g2zwChjvgPU+wmTbJOpMYbZYazoidaTEg7klkR7wW9ck7fkImnO0sgW7bGDYw28Q7vHKdkM6hR7BZZku8GcbsyF9gPdk64gO4C9ziJ1bzyjyfYEew8F34I4zUUkOYaWwNr7YTCUPV2nAKx5NuwmxZevtAxk7kMNssdstEe8D/AFnR1xYFuR4B3+KaZa9PImYfs55j4WT2dWTwWfyAYy5flvA3ziOiPJZCkCd8H9DOTiDzYCC7zsb9Cl/Q6NYCbbdvfgMfkch0/mgkYZenA4zEfOcjn8vLYUZ+7+8fvHTf8D6eThtjC2PktOC87/Bv/8QAKBABAAICAgECBgMBAQAAAAAAAQARITFBUWFxgRCRobHB8CDR4TDx/9oACAEBAAE/EGxGXNynFXuXMD1itdFB7e/X8Qq0A5txUSEMaoaA/MTZQ0BZKAbFzqVNuOBBZnvXGog7EjXXUdXnOAlNnyEpQcXlSJDCeXuEqTDhiVo25jaVzgoYlxG8HFMrUB9xCmtDZxiJLqylvJMwTzNMACavUSl72eaifuSjlcJsNxLAj0YRZSYUp+UwQGQMfTzF+AjKcdpXcyB2V18GF/AU1LHLFxIiEIXNTBLO4T9p5lSoxFonMRUrPZyyijdMPJa0fmIBQcP3XPtOCgZsXR6Swry6QGOXupgM6vHLxEBYKXvTHIZAy/vrAsOH3+Jov1uNsvsuPLiFRas2B+ZWhgwIu9tl1GBA1QkSzlz1KwChtfOZZTNgu+ahXDPB3AwB4fMI56xFSr1VRFNsbi1R3BHmsyptwDg+HiXA5WTI/vMrRsqH2r7kuWBlLCdy/wDgh+AquIJf+OlEXM8S8wu9gjluM5dHn1iRoXFZX/XiNMpT6l69S4cjmyrjtAtCFtYwXbGsW+UMLgLWeYqjXp4mMd5qDeWrxUtBIaeIJGsZ4lfPtOVUcgShL43MA0+NQF6+mU2cOIHAvcVgLi9y3ULwMq8HMVHPQ3zOqULxtOYnRaZrkiNyHwrmvWaYJWMI7HfTzLTaJZul49k3/C/4ESJiFv4XXxooTp+C8xMxR74P9l1ynPmdhLEGatca/fzxbaxt5r0HEKBSHnuNzWAIwbtawdx1raahEkWFv5iuwcbYKMmXiOvpeWGg6Skg0LQPPtKq3B1zKXbYM4+0qG8lG7lDz3mXz16Q18mIOPIyITTTFQKHFXnvqNGWThIgvXw7lYitrCZkUzRZz6wqHDZdTOYStlkdktoO3me/83+OIPw/adM5hBCWPwdGWgmdYsV3MgjeFXlvf9Q9Cq7Mj/QiIJv0+b0nMewiggo2r29QHe8YthYGMNFntUJakObZQPsPaFdmWErW/rFKM/3GDakNhqIKGXvMIvWOuoim3WoWyy606lpnQWve6IlDfPUBhDqDiKhIXjEA0r+kFXPkMkYUu15hS0djxAH1Vvoaj21gTYNeSls9YXXF8zj+T/HmIifA1aWvh7zF3qogbsP3lwfNmarzM7Kpt+fv7TMp0tTcLHThCnHEEarpKhWOWKZzjiAstYuEVbrMtVLzWI8Mc38ojTe1OpsYOvEDiMVTjEytCBdEsy1nZqI8BNsyFwHOb9IFrlfFxKdGNy1dL5h2g9DXMAK0+YiUALrNVKwH1V95aw2HJUbLg0u9PfvqG7QbKc2L99QFoizOdjLkvDFikp5P4Ef5oJL/AIbLD8aip3qJytk+/wDRAB38lgbBrimGIOmuCBANmldwCdGDgFAYlXIXNgR+A7gKs65C8xkBfnMA1Ect6qI0Zdc4mfRDR+7gjWRzjbMDTGijiK1Rj2hQKKN5IWcL5WKuAYxkijw3FtwO48EW9AnLnOCNgrl1NAo2gM3YmRf2o14YcJLmsklzeTMQeW09CX94xg2OR/7Xh1+T43LjqBVBQew5+8KprGjiuJvN5L02/iGuxvvBEtycGeJblm+IFh0z6xpZr0eYBltgCApV61CNi3yp4mctPLQIpMlmy2ASi3SZ+8AwCaWvEoIDXlTNJTzUSDBnCBlWZTXBAnEWaq5srbqyBoLbXpJzF1kvuBWFo3c1MZzU0HCg6nTjVkSkfBBcIYmzMMmse2I/5GXhvLHwr/p+g8/x3tcRiTRsDFRF8FxniYdqtC/Hj+o0ZVGaL1G2KuguqlyLnDiXZvb5Qajm86ggwc6iZ5rcyiUDsC2okwl06u/SJW1unFOYqty0uI66weOpjVNpw7mVsyXzqNos2xSgxG6y5ohVBm4aQyxYawxEWOO0SUIBbMo+TU3OnXMNo2U+UvIBayyqqlXuMQzR20xDSt6Dfiq+bAAjQfLEv/r+k8/C/jsig3GYgxU4bpMRWL3up3UQDAxf7zBVrvt37wgsh7FYqUs8alBg3ephkbRatpNSqjY78xa8VlT1LE2r5wxqvBqKZCkyNs1VMGFyzEs35IkvN1tNEUFDne47tpqr4jQpVLiv6g2KbKfMBI/8lw0ZN2Sx0mNQezigjoNrWnkqMioKG27xBajAWvZFdKFWXG/4HxaMG/jc9Zx/IQutFF28Q1hNrxGrXYoNlmvSJ6osybiJaHXNX1DUoFfaUA6m1DZq4wdomaU5eZYUxj1Yua00holmhKX5QFFWg2QFazLea7gGxwP1lTWhxMhHF0e8oPTnuImarazahOmmO5YJFSgb9b0QYQJgKF/mBIQpWHzD0a7pRRiV9UcesaFfJqVBZbRklwVYNnbr6S0Cw/TVy6sLtVtrcuKqUvI4+NfHMS8wK/iT9Z5nEPimxyU3CJol7soAlQ7BZcYlmrznQjBpizvUDRmiFBl94BWXX3gmHFviNRgVcoPS/wARGsMCDL5uIxbaUFqtyzrY0UGvxHCXVWuQ9twblHK2Vg+sRrPCYgv1V0wWGdv1hBdKZm4BSZDftEG9FZM0agAqXdBl7R2hcGpTqsstCW3Gx7lfKGwgO1PbUz13hsPW430COB7gRogpXX1lrI5qyLToB+YOGZKDxLJFw3k0kxJofmf9CfpPP8dJxDKWF0jotgCN3AblrRkoH5jENaMcxcctX5YIkP8AkyXycygXLKpf5jRd8pVnxogy4msAnpgl+qjF1DfVh87hF8q2J7ExEBPe5Qkc5sxfcuE5O1xDW7qh0SmHgPhLCwHOkiuwG8u5fzcZc/KWBk7thIENUDVeIrIZaFLfNS9UWsBofWXha05v3j4HC8GC4Vh5xUX7CVWscTlYlXleYiOiw+sphclRejAHtNSz/n+88/waALOoBeY8ckYVTJb69ZZJimlODuCq3BbC8r7/AJqE4GUTfEUFrmyAzaHjiFRpjmsRJEHs1ChS1w182Vk1oKPV1+YporpiKudl95QtObLv1HJF26Dh7w0Jrpqo9N4TqU3pzC58JaABnCceGhk9CC22h3AmptlwRVwGC30YX/G9TWswWKcJx/7KAHe3IhQWeSpdnvGJTQAj0tjiisPoNmb9JqaVC8znqHtRALzCIq4K5g/Bf8LnPw/eefiqgmXj0Rt52U9QmJE4rmYZCshq2l99MdhFLRozg+cFIDjEBVpzq45gWOrZmeVG3+iH1ph215/qDoEoezWNRiOZugOmtVBNhuj2rz84bkYwQPX/ANgtcxvOWt4l9SgmDiLqNZFigzPKRJy6zxLvYAdMn/kDIVay/mHmi0MXz+9Rw9cu23zc/wBVF5eigvkXXtExL7fvAYRrf/iU1MK7z9ZhvenqNQVkXZol5XGlmFNfWCwFxpOIbS3Sy20RUoYi+A0y8JX8a+BP3Hmb1LBcARLJmMUw1auHSFvP3jD8gmMNygyNO1OphPydygtztuo7ocURxovHKIMGquUWetIrB6TKsKqwa5vuAzF5Ks7x6w1WDy815hDSsPNTMPXvDgG+WUdQmAv1lyl45JghL1QbmU3BpHMoErXF3UsFj1Wz7SzY0/rMAWVdcR7CeUhWARDiOfd2nj+ps8gyercLCA5Sw0OD1cSn8OH8+YT9d5lyCNfEF71VSjzV0PZZcGupQNni6xLEjK6o5r+oA6XmbFC0Yjsy5eeblLHsOUpAukx2QVaG7TmBGUcBcH3KtLERFujwwty/ZAXMMCpiWwdwTB/pFVbD5SiravB4YXNXniNy2NvUxhR4xHIStc9R2cHiFeluO7bs9Y3YHFy4FJXLWKiQWqq+HqOeWl8s6iUCihMP4lzf8L+Npr9mUv4Zpi5XykQXzmCGjY/hGSsFA5O/kTLIDDq8583xGpah9NQhaoY8su2dZzKXCWYzxFUUXpVv6wNZHiZ7qDruZCBScv57mxFebiyoml94lyi0sYZmOeR3BDastCtTGAjtiCbTpUrHLFto9mHqZ2euZtSBXUBXRhvEMFXw6manXRtgr4cRqIUxQdugjWC1QUzuA67UlncLUwPicJQf8Bh/Q7/h7y5m4RRaFO8f5Kc29cxJykmgzukgrS6BsTx9obLWjSml8RjeaU64hW37WvpMar9XGYYCsUD1hKy5bxcBYCDHlhAo5ZajBZWqlesMDHrL8w7iKNmdkCYOUwdRAbW6z1GNjNdwmpLcJhY0vNS1SuZfUGQA5YCw4UbgCFNnCVRvShj1NOIOQMRa2hzGQq14OHOPfmKI5AHrKgHBX8LjcFfFv+NT9p5+L8N0xu8bIQlUKvSCoAbX07l9K71Jhz9pmh4t2ddS5Vcam4XA8xGG2/TFLQmXFb6jd3p+kpobPL4hynmiAggrgbqb+FsGIDhsXfiBYrctgapWupiBrnF+eo9hlzceCjIFsLQaFnDHQ5Gb4mSOWAOY+LcsINHmbbtSgblAfGo7BoNjrivvLsLkjjr8SlyzdwsoPiTmlUf8OZ+w8zmX8XAylKlUUDruNxpSW+LzLDezrxABEXFwtW/tGqs7eXUVgu3fIyi2rLL9Uxi09wQbXBGWEOG8TspdGUAL6HroJUCOcl/eA0YeFgwPYaRqEZlDTzL1IAur4hMIOUEHqXnxHKsM0tzWfSFIzClZB8QvZ6GyEQGi83qVHGivFyss76eIS2NU8EIgAePEQt225Wjf9S8oKpVt0sCwFBgDiUCX8FUoGP5M8/H9J5/gw2ShM5RE0MAI+0tJdrp7e/pAOOYSryn4r6xq0AXVZzmCiq9Grj0WjOjuIhgjYkBNt7V5hVdYebv/AMghx6U385R1u3Cb8xgOmGVV6ekerO1ea6+vyg1ZFZitZ6coV5gizKmILdWY1cR1c3RLvgXAoJ1sWFU1++kueuwsaIZHm+IyEWnLLVe/4zccVwCizmvkOYisQclGv3uXIFPOYQrI+uIjto8cSwyLDwXxmK7KL9Fma8eIr5CWCGhKiPEp3UP+X6Dz/DEaqXDDSkwF6hovFfe/0iMESgrfl9m42xhy7AK/F9spyEA42cPmD1dbK9ZS6N4z9JWqV4HPrLXsgt+8CDYUEYv1lmjkFaB4+ZMatDea6uvM5yaXWE3XGup18qdkInvj2jtTTQiRu3rABQ0ZrIlNez8pcDVr5t0cU1g8xLKxYwjnXdDj0j2vA9I6Ya85vpcMcsZ6owrk7OzjZMUEpLohstNtY8yxhtCsUC7XQY5595vcZLYHVRAOL4iLV/i9xYXBHYPfokCl1g9o1kOAi5VDEr4Px5mf4E/Sef43LyVOJZUocRUnUJqvFvSupcv7QCwtwXzo/MVTcA7XIL8/zKJCwUb2+vUAKFmKd1BWy6UHiLubNUucYiFwixQYwPy3K7ZGhOAH3cyxBbRbAvRnF+pOAAHILoexxxTGSakEsouSt8PW4x9Co8rm8+SuP6mapgtZM2L61RWI3ELImQxm061iL4ASDAZEvGrx5i/MShQMFK4HjmZZM0mBgvq7pNelx9LksGCx1w3Y/MjqQAyloGn+/nDIhODWA69efMDaiwBv29/ncQoONOi9e3D01DSlR094lVWTuYWJTVkL+YFYrqNnwd/D9N5/kLEl1pF4wAgKYyXMEH0mveaXRUX3XPWI6V6UC6L2OVTUuAtKNzbWDHVPpKprVUNlvn9+0Eu0VkA8ec/KUFVZ4q1W9u94uFpqxHdKxwAX/kLWz60ZrHk2huLAhltctjF+2q3GghRbw4uuowTQVEAVzrmU1UDeUHXPtCqxsW53jnUzLa84PkQaHMyq79oJAcC6hTLchSl6WB5taQo0WnuHEQW42DBTZ1f5hLAaaulRcvNUfSXcRkPRrp361GQEqLgo3bXrn1iopMFOEKqXhSENRqfBaOGCYoIqxWFZVJ4JTxHIGYb/AFNyyayiax8VtVM7BYVTXbTqWZsIpzrPrEqFaQd6f6v/ACLdGH1az52/LEBBEaHKjVvv9SURkGTQHGveKhSlQVTC+q4DjPcAKVnWy8F+5LMZdrsrFnLznuHUUIAwr0gK2kyObiSKCZade0CKIGdn1lqxbQw4xllIpepx8oM1bFMANDqvaELbu6IFka2u3fnqAg4cFClB6eYCltC7sJdnuVHQLClIz83B7eYhLCGjIZOOLOMypheAatNh8iGAwArohBYAlD8IBrDG8FIRCEpcNRqoPSXF1BUX/qYZgSvcwk5qlUzeCxI4QBVdAFqw4oTmWMDRq2biPTSwNB1+OJfC2ylDireVlCBYis3b+bjbgy0q+sF8b/2YkaQOS/8ANWwaGZqBS0/IdXHYChEmauvcY952dxnXLjvcKIRNGKhFovJn1l+BMc5qNyw8guAwS7VrcJyRznLAM3Ws8wDD7mFhwVpgAe1gnvBASvoSn3sglsJrbXH1+dxB1lGVWM0dNkRqg5VsR08ZZUdPuDdeAD5wrK4gp+AFcIfGNicShqHUctzGK7+ANxtMf1MQDUvdy4qGBSHULDAOJey9X6HrGuclVDWi+g3fiFBolTtRV56b94GcGmTLd8fWVA9xctNvm35su6g8bpvlTwa4iCHnrna6eF9dQiAYGzrfts9vMcUcJmy+g8B/UW12GdPZPHENfQsrnxGmK0a7hitx+3LHoZYqtjWPWtQNMiGDuZXgWWVACcFO9QDrTbxLrWLEM1o/MSuMihvEssotkxg/ty6K04FhQulH7eYY5erPs+TmCwUBxKmUN+IN7iQ3AcXNmUTiRgqVe3wzKeoHr4QzHX6mJcwY/gDPwLb4JXn7BNP9fO65TbC8wsTRICsZBfXETDLt2+81j7RFhKuUYqn5fWah2uPreH8S7zNaXuVhgC7Zd4PpbqCpqBwsBoCBtLu4KGV9j7RmKvFre+KNZ8zCzF1fOdn7UUHL9cQgMrvN8SosbDrMFLZ5wMyzZgtpauG6TkYTPWolhmACX1Y8kEd5tDekjiBq7Vw0/wBS/OzQ/rvj5Sr8kCaxVV659Y212/7LPgBpL4xSOtL8a2jCi2zAv4wQIy5jibQ3+5iNmBhdiftfCTMAiNdYePPiNsRngHAOAgw5M8RWDwS4IMGrPvDKqMmU6iKUEbVZmvvK1CgVFFOuswOxLcCeCvbULfQWiqxncvKjQuaddZlW4ZmHd1+6lhma23LaWt+APESQtbzpYKBBXPK/7ACG1VbzuI5GmgeWe5c5LAHDnOeYbury4rzLAFVpavPhHpmYAANcmn6vyjjnogPJ+kzKWlE3SVdzL+TxTn18alVuuq+ks1cLQRSYzs+G/v8AC2TeON0Y3KmYkw3EEsak2jr9TEQYlO5TuUg7hWvK9Byx7dj335PK5+UuZKcXE7DXEaNlvbol0Wu8EZ2xlR+vSKC/JyPcTktQLMnmufxKp66AvOvzr/YpZVFduC6XX6ROU6aoSh7v2qJOWI1k3zCCZw0Wb/qMZNVsBTT1+8Ri1N4exyfIlAotU0Bl9N3AgQihDtjP0JYloSr1Y9XiWxVNwc6s9XMW4r7OOL9vrDEX6JVHT7UR8KJm2ibeRLu1YgHI04DglssT4F8Jk7m74ZCD4Tf4G6GyDEdKY+zLhn4G0H6HEsRcuUCkAyq4DyxRDr3GvHg75gXXjXcSFa94GTREwX6hLKfvNqO7T4lsNNby+SAIEzNMd3ULgCDqJSqeIKhaiVWivvBzg0JrzGyl6Vpx9m4wYUbM1RR94hlC2W8FX85b7YC1TNHt9ZfQWF3mkpef8xM1CqVvLN9/4lGM3bcr7XsxiGIhsljhXL6FxBduOLfvFCDlho3LqgqnK1L6uHGKMJ6xzJWWpSiFBt8R7IQFQlC2bYspsTZ8I2RwiQGkAlnwNpn+5iLcz1FAVarMCzjS2F3dOXlgYF9eyIw2JzuAVVb6qe7x6xpD2zLpF1WMRFAXWYyROPI/0gbeGU7J39kMJa8FuPSADApvS+Y0LDFuX1QzH8gesD1AfI9JdVhqti+F53DKg0LVooGIMKqY1f8A7v8AMriqDBeMHPUYbtFVpXOq4III5dVSr3Fzt8mD+/WL0ZMUaJd1KZZrAWR8RVtOT53co/7Qtee+IkkBYljL8EzrDouDJncI0fB2zRKW+PXi5gxuyRpxBUVm5iP0pgH1ioVC2W+r4HlhA7y9D12RdAKZ4Iiurc5r6RDk1rM0scc06gxsm9yhrI46iVVoGj0i0NX3mIux7vUTIEV2vTKBiXwvM4H6PiLSkYBEV14lwA2Fu7mGyHKft/UrjGiYR8xKdPeXtZu1P64nICuSYWK99xYtp5dSwLBBuTAsDMZ+0wYTOVbmNTVI9OYWek04pP8AYuKOcbHJFTytvseI69drm9YCIHSN3FG4s3DGPgu/0+AbLhM5yXGWJUI4biFXH2953IkV5FAzuZU6Nn2P5ZlSK8qvd7iSzfKYlU3e2pTK8/PEYWw1iq3Eu1impY1DfPUTbYrxqAQb6jkhnyZlyu47tnztzB1AsdzO1avB09n1lgkPQDs7I25ju9TN/FTMzGBrce/U3h49peayrGltJmlsxca5uCKhS2TOxgzcrec+IwBF3lm4hFVyNU+f6hCclzG8V+JxGrzHMfIjNWrLXXo8SmdrtoXwxhGhhUW5YZz8Ot2UjUJ2y3MuxLgkGkuQaRFEd46CrnsgjP8AiI7V3DexthJzccJnVWn1JZWVarqIKbVQzNSrwXLDeHiVqxrziWiF+tcRybd7l6YWmpYGpUu3j2fxDdPM3jDfOeIPXgeHctd8msaIGiFb6YzbaeivJ/UBrB4SCWF8oY8jx3E3I1fT6wwBl/bgoPJ6iBkKo+CGrwW69ywshormUOzbfdKIwMwHOOZXnJ5mw567jAFc534p1LxjiuU+vHvB61YliQlcRVtZ+BIDUo6JR1AcJpNICznqWhUWbpg9IrK68xOxbO9srDIfuimwovPibaLs1W4LMD66ZSqbUsxLoNObcVMdl9Ija6aBfrLWH0WrhstGq3DV4ZXIYlxqovGj6YlQG7hl3GmZsNxWuOeSvZH+QydMcUDxUMhdi40WHjOGYRtp1EYK4xb+1LYXm7+3iO54WXQvUTqgMHiX1VFek5YK0/fBD3V4qXcUTsGvWCvmU8Rxv1JlpuyZlhliYvlCdkZTbPJAtG6W+5x7w2c1iWfDxm/gbhamjN4lKnJUtTkxRmEtqngzCzWVOfEsr1z7wBlxZSf7BsVVnXMVKm1uIGwvOLxEo5xxTKABzBRtOM/SIIgb2sMBjPBvHmN6cOJ0z1rU1tFHsZ+nzjG30hLAivl35FDUoNZg3UZwygKWVJj98Soxg5a/anhxp4feZ1i9lfdiO7bF2/up241ByEYTl/pEMilQ84hvCh1xiUOQ2TRyylDGJ9cxqsF85llWLRvRxyzWcMXh07hQoTPLBl0wSw6tXTx1GBM7sPoxppsZ5IFmpVHMb/BBJUymKV3UFZirHpE1nI1dYqItovjcLcFWMTNIWupeRdU8R8Rmog9mk6lhzHcC8UGOeIgNC8EvKsD9qClglY9YCkulunf0mN4bu4D/AGfaYlkrFQs2YRSyDTUja9+I9FMAZv7fiAECq6LNQfJ11YY/uMlBR5OJhlA7oC7mNwnWvSGo055gZHKuXqXeIWpzxLoworEvdpLvQPxLIWVFOczgvBMBAQ59IKDRmKmzD29xXZWzzMsUbuC5OdekGq64lqzHNxcd0X5Hhh0b3fKjqMMhFTBv+C2zgDlXEUbQw41+5gu3aHcpDaYlJtX1zK4y8FvEdZHY5lmeN1++kVi2Cm/vEUIDT7wotrXJOOGK1xLOFmyGTntEdNGdwwjYDp4gRcKnWiRfqNEQZzu4zqxMMQro+VApeOG+IGhT7f3BDhjF9RBKHQVCREsUDv16I3Eu13qWF12x80FJtZq2xW0ZSDTFheD/AEwyMbdDgiRd3vUsvLcSrvLxEp2YKw5rOIIg14Y1XJPrC9YvmX01L7Vc9cQg4dnPr3BHKYeIliQwjCPEfxYOpRTEQF8mG5YyOdwQFGNeWC6aVplq8VUAe9osZhy6L1Ktb03WuJelGLzzD1Ycwboe9xMt4t98ym2q1Fyav0zF7re+7mPHduDl84KUd8y2dxyO4Sy6+8UyFocoVK9l3fzJVA86Bv2gaXLaLy+JQE+cpAE0Mo2X2j9UtaBjjlnMRcG1Q5OLjEVjWo27MTfN+U6pdV/hHJjDVQsxRUWjRXb3BrTHnmcZoqFjQ9ooSrrmYYKf3M2Wc0zZWosPdTFU01UtA5316PEOBpux6hNPjDMqTFPCGyjQXV/aFjQZHXczZy9JeV2A5xuBgdhrLuAnqJHQuzDn5MdcLtRWol5s4bKhs5dwW0FHNx6v0f7E2KeyFnwV+sDg0unpjtUdWxJVcVgu0Nj6RaDYVUL4PPgQEGBvt6jysaUs+A2sKuTjvr0HqNUWEtWzRPj3XheiLrHze1Zhq4wURWRsb7hUW3xEqOTqE8P5w+pCYM8es4QsoMF7PZh0GBUeI4DaGMzMaLbOynxcWsctFbh3sdBAqrc7M6hVXkxrsl1d5r6zWT7huWsGFjv0i3RuA8fO7OmGrCoyh8nEALFiWfDUaAV0T5RNhtcl8xyq6QQ/Eu8GKslYwbL1Lclji+6nAoyMa15H5bmRkKbA7mS1jwt3EMXlTRLDYp75l2r2XKBXLiATaeyq5RyoKNNHMxI+r0jMq4Euv9QM4aQDwWx6GPVIpTvy++oly9Hw49+3xOJEdBOHpJZMlONHuMcAWFgLOxiA0fmURKAVrBKjGA7z8pnKIVlsp6myGCpCcw0uesxp5xxCo+ALyz35+0yHdV3zMCHD0lWgZrMMn1ZhnAZySFCzHPoyq183DIcjwajq7ywcUsHh+dwo4p7lJBkVUDITK6d/0gczWHJDcKH1Uajhd3p6ywF05pL4gKL8mOZvTn0YxcOvWaCspW+o2NIVYHMRCm+HeSYHD5iAt4Gu40uPfM2sWvvLzQYe07KHOOO6jhU4B5I5KKsc8kOluSvJFxbbvOh+UsMqC/OtvrAHBhQuXg+NtRNW1MuJecFy8T0/MIIrqEOljxZ6jOY2MA0VqL/pBl34ijxnLMb85VEIF2dl12e5NlXuCP8AcziDJc2z7ql2+LT1nLXJn2iK0VsdQGFClbMxBhtzRCgd+rCw3v6My5XD94NZtz95d8B69zD0ilbXwQehsOZeC0d5iIDkgRGds+x6QckSXG6pHTsdo1RTupl93upo5t519pa1cBvUaVVY6S9GBFLSVWS6ZlL3bWe4tqG+NS5RcKpGKgaIpXEFaBRj8y6GMGbfaFUZB2+0xltxfDHZTe7PDEy1UPRf2QjhW2as5jw0Vm2Y/wAmNm2iXVlalQVKmL+bHOUuvL4jKnQVLDQ7rEqZvgTycMApVnzU1DVuxKFV4qUSbxFx7GKqNOpQumP9SlF6nch9au4ccL/EBz4tmVz08RbdvBxiNloMXBGWmDaYp1uUZzhwssDPGEuDg2fKL6G/SNL5SC0ZuDXr3HP5R0EB7UqrFaLQsrmvGSDkLXfSM09FgNFvZW2OTs6MS782J6sfhdmupgaHCFxQMBk/MDQZG6xeJZpAque5UF+lVDO1uR49JQ4rLu+GNiXTdviIojYjXgy1V76bhTdu6Gtw6bTGOSUtEhm3j2gMgTK806m6QmmMdxSymwIoyit/mAKFWicBz6ZJjKMM24L9pZZKtjDM8rSXHfjiG7tSzaChtxRzENstAq25p9oJ5KhsaYHyFrKFzTWcStZ4z7QWlatiEbNgncrLnlh9JmqnHETqtu+ot3jHiGgr5wvlddRZ79IOGfWYG6Jwt8S6MSk/eLZifQcTp4Bz6Q4x6TxMFDg1d29wLYo6rMBCJecKj4ZgKS6ppuoUBwbN8RBLbtDcqr+QigUOlEmQlnGriFqrJZ09x1bxvqXzy+pN7yCs8xhrN49fMMvjVsonQYh+tXPk5MQboci9hk+8MB2b/wBgfzH6HpUJUhYKWHwHKlK9kXEAeW8D9SO1WQxiKzViYthpzBjjmBNbrZjzuNE26q01wd1/cva3NWu4hR2Arluf2ilr7dxAvmpt5v8AEbcLpPzNZaapn0iy4xFSxN6qsl9T2q1iPLnxUONXOCKn2oj45StwhX7StHQe/pA1oVxAGls7Du4OrDGWPpChkXwxWUbbb3M2w2lkN6psarU4aKW9dQdaDOPlEqja1jqVW3Ze4tGmn2qA7NjfZBdG7ydX1HdZ4xqClasdXCr5VoOZV6rGa7lWFxbPhhXiGzZXCfvEUqpZyy0RHSwt6OD3ftAqgy0dnmWqLg3m3Axw/eJFgbHe/Sp3O6fHULzyjG88przKjzUtCghA9eFaTkWz7yhNODsFO+4rQN7/ABEUdl/iOqbYMY8pXynsGmpTffTqsQCsGs3zNZyPNahwOTMaXHt1BRLoZb7H2gtXVMWyG/Mr78wflPZuC8l2Cj3lpRz08eJTrLV2aiEg2gPaXRgZGvvArtvMESt3dwsLVKrimbaUucF9ofeZKso3UqmTxjTK5E8O6Y0donnY/wBRBc3V5+UolNjzR9Yooa9XDN6NGcwDFrBY9ZzLspg2zqJfCDLhd/Vj3ipaFqPFcr5RijQeAsY+8bKjd2pKdKNoxhv8S45MhWkuVKWt8YlBURbXsdSwcfOIOrBRNwwKAwLyYftLGVpdKfPzt9JQ054sZlFZLKuI2s4b+cXS5KN+kFTo3ceLez7QQo+feUC/3UDNFNc3DeKOcRtV+0BfO9TNcHFRYx1GLRlW2LU4J8pu1oGH1gYS0ymOCCNK8Y8ylIyXWSoOA5wl0sww75iglKZLXcC6UnY+IhHNAGnwzIXSYnVMWZEoA+8AZDGSVx3FRbBez7+0y5w7dvolhZRZiuBFxaYNNbIitt/3FVBX9xsSs9Vobg4XDgfEdmlEOxsgVNN08yglXOulCHBOF+k1YFtpX0jprCva4qpoU5wR9EDSY8/5G0e/EAabXfrGy3rzKVuh1ACvZPhLiGUEaG7UPt6y27coB6ZlHXJh9ZbWV4qA2zDQX+I7ZhYeJvBmyup7OcwUYwK4hlu7ZfhUzUd4gr7xtiirwuSWPOVmB2u56dnzJ//Z, filename: photo.jpg }
