url: 'https://api.telegram.org/bot3f3814e1-5836-3d77-904e-60f64b15df36/editMessageMedia'
payload:
    chat_id: '-123456789'
    message_id: 42
    photo: www.photoUrl.com
    caption: ''
    media: '{"type":"photo","media":"www.photoUrl.com"}'
files: {  }
