url: 'https://api.telegram.org/bot3f3814e1-5836-3d77-904e-60f64b15df36/sendAnimation'
payload:
    chat_id: '-123456789'
files:
    animation: { contents: !!binary AAAAIGZ0eXBpc29tAAACAGlzb21pc28yYXZjMW1wNDEAAAAIZnJlZQAAM5VtZGF0AAACoAYF//+c3EXpvebZSLeWLNgg2SPu73gyNjQgLSBjb3JlIDE1NSAtIEguMjY0L01QRUctNCBBVkMgY29kZWMgLSBDb3B5bGVmdCAyMDAzLTIwMTggLSBodHRwOi8vd3d3LnZpZGVvbGFuLm9yZy94MjY0Lmh0bWwgLSBvcHRpb25zOiBjYWJhYz0xIHJlZj0zIGRlYmxvY2s9MTowOjAgYW5hbHlzZT0weDM6MHgxMTMgbWU9aGV4IHN1Ym1lPTcgcHN5PTEgcHN5X3JkPTEuMDA6MC4wMCBtaXhlZF9yZWY9MSBtZV9yYW5nZT0xNiBjaHJvbWFfbWU9MSB0cmVsbGlzPTEgOHg4ZGN0PTEgY3FtPTAgZGVhZHpvbmU9MjEsMTEgZmFzdF9wc2tpcD0xIGNocm9tYV9xcF9vZmZzZXQ9LTIgdGhyZWFkcz04IGxvb2thaGVhZF90aHJlYWRzPTEgc2xpY2VkX3RocmVhZHM9MCBucj0wIGRlY2ltYXRlPTEgaW50ZXJsYWNlZD0wIGJsdXJheV9jb21wYXQ9MCBjb25zdHJhaW5lZF9pbnRyYT0wIGJmcmFtZXM9MyBiX3B5cmFtaWQ9MiBiX2FkYXB0PTEgYl9iaWFzPTAgZGlyZWN0PTEgd2VpZ2h0Yj0xIG9wZW5fZ29wPTAgd2VpZ2h0cD0yIGtleWludD0yNTAga2V5aW50X21pbj0yNSBzY2VuZWN1dD00MCBpbnRyYV9yZWZyZXNoPTAgcmNfbG9va2FoZWFkPTQwIHJjPWNyZiBtYnRyZWU9MSBjcmY9MjMuMCBxY29tcD0wLjYwIHFwbWluPTAgcXBtYXg9NjkgcXBzdGVwPTQgaXBfcmF0aW89MS40MCBhcT0xOjEuMDAAgAAADlpliIQAN//+9vD+BTY7mNCXEc3onTMfvxW4ujQ3veLzYAEh16rYE8DPrT1gBHQJ6KSBH3P/g4AOlTck8lhOO53ltxcNtQShg0B+OnK+3eEdIOE7WiKYZM8WJJHyYKg5IAM7i22A7k/LXENvFjLEv2FKxCix+FV4/nydew1yT88Tlno5wjbcHw+kQGtw6LG2d+ya45UafoIpfAYWtSGtgp89KTChSDJrh1camfc0ntwp8L7VGuxKrFwTa+5aBocS2upDqmV+S/NrUhmNN84dhzjR3NytncEqxul6IWqbdKB9fupVZFhBKxFTb5xrpNMs8FzlWvJi3Y3f/2wmlyi536OTrmyQ4ETHoVelEBWGrFNJULD5FhZYqZoNBo2d1ZLJCIJWjXf7ydi52OMGfvbTsI/Z4QwcmYGfQTBy2HQok6jcxJlX/Q6kjK4Ol+4Lk0fhhEuYsLbWhzJVumxLKGpbwCUgj4+LPrhcRR7CYxkfSYJPKoSzPWhiQ47vume+8X7+ZbUeYB5+VVz0aY9/8OYtybhEBUU5BV4Tn7gFIFvmxLraIYUJ9kQ909Xz4Z1aO9HGQRnlFd0OskfTFoCxPdgT8dYrYZ4QPa+7UCnfA4aw6k6QStTA13s70VtZgdQ7YGhbVDvDSLN5v0NQPwbhfmqqi7+GS6bRbJQxF3UEVJiePbmmX0HhTsHsGNQbA8mitAGcvrUSE+R0EmWsNUsdpaf1n7o78xO2pELTIFXWMRZOwXrU7U3z6PjI4JsJ3DpO/ZWaAJ4rd+go3CP1D8eo+/qfr9iPe18anYXYRQiF8pS5SWeavNCsOX/9kxZy/QSuzAEfxoi6ykc8VF6sDey7JixeFgdD2+fXdJv0rHN5vitKwMORJoTgQNIv6bXKVIb7WMeAFGbEp3X6iWyLjQUAlhVG4GSYTTPXNZTWH+mx9YHCB6YweO9YJYFl1tTcIWGCjF3Bm5hTXeIHk3ZEj2r2vo0eyfRad0ndGs4hbeiZIUAwKbTM7ik4YnGyAhvhmxoB/V+7QbrEk7xBTg5Lnkvyin8IWxMTFO54fEjDTZtrCp1RzL4i1SfwgFJ0VeCG6z/tfBsfwEReWnx6C+fusN7uolIOpRzpn6qrNKZDw5590tcKiOi99QilTfAQu6s1xW+d1bAsRNLgtGXH2p4CqO62/YZOBp4R5oJSH5tfSGf1SYUn5xmsKrn6wL9UYtF7smgyGmDsca9aQzMMIuhnn59lwzlRg5FLyG2M/4pwg0qjhJPslg7+XTWqNiCoVyvhp8Ogxy+0pfnPvXvFJM+fcF10EwCaREf1OxSmSqvWDowJYOSYfT2HQu0+XjsRFfNzb1peDjqQfiYsj33ySihF9Vk4Fr4eHX+cDnW7kh9aYfg3UdtXpWetAlAqL23SOnmZT+COReBPmzYfu/BSi7BauoQMPaSUxiIgV3YCEHWL+dbX4OeEwhvEG1gHm9pArkgcqiM9yQMP5L4zdQvC6KF0HDWuNSc2BNbf2zl/1aQscXBjVzEY5KFUbzYWhaufQfmrTHObnDoktachr/Ux1tSAOI6/0efIFbv2smIRCVG27/TSRfOTCOuFk09uqlEWhP4I9z8tDs4qxs29A8Cla+ecJdcgkwPOPIoJ48WO/zhQVdbOQZuTVjW5Bkv/QdyL+V1RJmMn/Odw3328Zj3tnb5oLHHJXnfmaDMf3B+0jOSfQzW3OtyRKDfRUJX1I17oZTy17suRE+revGJKySJxKcAiAcVHlvhidQBssREu/bq7FhRflIx6ARfBJH+Z5YTiBZijzuSOBHx56gMnEd2qux3zEzSYDxw2c53nEqKus4EeBlf2VCF+PggVTfaH4rK+rESG/ydfhcDbs1Pr2hHrWy9vpMqiEbvihRJ0PSEIEdHpjYnC1AfYyNhuYdbUjxXkEJPmjbu11lLeP/23xCtW78kMz4EDfhp9Lhq+JfqL9vw18NfyiQONHnnXxzQCMTk4vod7JpgcDXal/zuADzJgj6kxsHXqKWPZMo7a2RMoLL0vxqgb9wJ86tE4c39yt+I+I+GTKAPIbN6dQjC85Uef53FdFqam8aPLuYaAArtwMQyMih7R4O2egPBO8RHGh3GTrJkr2ub9Sa+qOmhlJLHOfCMguq4YM3NiHoMSn8eU9n+pAVKDY4cZxU7GxvzPjlc1/8UQw++xavBEobRfj+MDvnegaHL9HR5jXYSP68dHT/njHONlAdQyK8lkoNkca982yy9Jnk8hTSiJ1Rxpdjmn2rlVesazuG4akq7GD7buF8gpHogqcF9grDOwnIwkHIkc+XfiGim/KXdxp1I3IT2jRrfvVytLDeQ/lf6wywqBJbGxsCjxBiFr0QabJtbSRgblbuVvPyPhqyv5rRgN1AFb6dwHTgnwSGu1Mps8bMaiC5UYXJOGdhCUBOU1OntPDRh1lEoLf2G5eSceOM3RMzQlySLYv7A0UgxJGBTWuUyL5N+V8ijHhecVegRxxHbLBQW0hH15t/VUqWJS775xT3WfXMBIhuKMkX9iicRm5Tw+rvAcmUyBjE4kO2ScVfMCnyxsaiwfNOwr2onzjzhZHa/WtMzDuW10a9bYiPQWPBFPBBixU2VHneB4uCWhxnrKsVqAJwdPyt/EJzc9labPgOX52Pflf0PKtAc1WLYtFbI7Dz5AlnWMxzshVhLWT6LDH9Cvx7aX5uU1jbuak/6VzXsC2mrDZ/L/qw2ckq8ayFm0pRKVCld5RBIItoAo/TRcKx7R7+alz9KIIdC0r6NEnzUf5XhwPbLF4bXB11jSVkyp4nYW6hIaujioJUmA+En+Z5GUpEg2qXU/gFN+7SHpwu9MeP6L3Nr8LXnUYrorSewDbZ34mdkDr7Wl5KJj9GppmPMk0kJYWVvhIYBGyDGC0POgYDXlaaNMfexIDmUjqwna25arIAzVX6R807EaInUJQfdroND9Q+k4Rbgj0+MzCZP7NnSxwPKAqp4vmuCwc1yR7tz9UKzel58bQ5IohU/+HfyL3wES0X8lWxP6yEBGr1hBr6xcpNTGP0z8z/rHiehCRlD3n3nktQ5UR3gUx3q9kIzT7wgecEYvOMcbrYxLA+o6PaRK/K7RH9UaJ1eq0589FyK8akiyuCwdADfv8loFrZT6u2Gpc3hYzfhYKfMUag5PHZUx9OfDEngnLSGNk2nDN/YPOUlQLI8lTeKF7+vL/IZXTi0SwSiKFBHYmedh1XITUXi2W5hWrHW66OCx8oeCjzf75DorZh6/o8ga8xdtQEoVNFtNisXHQmFaEZRlIcmCwfEKewLf+TYaB1xohkDQYGrtro0z8f4bIna0s18EGsQfd1gO0+uKZPUYQZGX0LTlmlBOuVMcxIw9td9cvLrZqV+pPjmeCQD48fyBUKtBC9iyJNLGN95CaQGJFGPESxjqmZun3If3IBTVnwYXaZCzXeEBWB5PU3xybj4AC95x2DgosGnftyYhebAh+Uc7NSwceX5WgVu7Eg8EW19SUPTNGs2ONqvYZYjKUlm2/CH+J8KiRp5DqBvT6x+Qo6NXVleIWqpS71adp4xBcRbSs0a7/GiVMEYyZl9gLoLb2zrrPKPP956O5kbH3E9g6CF6lpKkP2lVs79eRaFXAWcXPW8JMg6LwPp9j6PhxHNG8hHgz7kci/Y9BKJ4pc6QTUcx/wUrISFuyAHQYAwHghw+pP0v1x/nsUeEILQDbwbjLRd4+I8tOxpJyrkYMmbH8rEeWBF5KKRlerarJkzlu0+s14MAQM/uEZy3sGVvDjM+GwYDZ7Gc4AVRKqrvsOnhjkE2zViC/QPJJ/h88qeph7iw85KNeSgpzJ2L6wc/l+z13MaEinOQWApBx1BBrtQO+njoxMonOYdgMrNdT2IhJD/KIkvkNbMG4x/E4EwGyiOmMqEkvYTXCmZU32yRudK62wfiuipK11jFYnaWEuFW+TAVO+2Zmcth1B0nP9//dx2IFATFe3R2/FVtTN1G6MPPe75UrSaXVTdbzXAOlFOi7THbE81YJIqUZms+HloVGXVkuDODro4NP/o7OIS052RRrYPsepGBhv/97fA3Y/zh4B0bf06gwPKgCKapMJ6lNDB8oH2eibtZ8td7Do8ImnMvb0mabWrWjDoUMYEvoI2q4YrtHC+CPStkkFBoF+SGJ+uo62RVyuMND7HoBOnGNjEhrfayI5knfAFlAMu/i10xJ3WmfkxFiPt9YjiZtDslaDMkVaHWFxEdjA99Bq/CjESq+BfLCqvZ3ZMJLj0SMaeuVGjiQKRPIPwp23AA0xLXV0CKSKKoSvX0ST3EZAA5sfHNXgKwZeHyvsHLgwDn1YT6TvZO1kwkfI6eQetZHkvS+duWwzFfVrBC+C/4N+i3NGU6kbYrHTutfce0xReQMrGJNvnQQKP4KUJ17c2xPxs7ahiZXLZkst3LdKbkjlCBNk/mNUmu/sw+bq80CW9zwMso2pzodrkWfFbgIlCouRyXUo9AT8fb17iSQiz7FyohE3Da6p8fJb8UQVur9nG30cFROTI7cDJNsbl+iF7Q+bOePjOE+cRe1Cw6rUrqHo8kS3Y1aHq9FWEJYjyheP3DDJyv2ZzCP/+ayMPhYay3RbGsgP9T8AelNyre8PfYuUySecY9a93bklnXpgDeAR7laQ2QzCvFF5XsHZe88uSw1O0tQ3ydLQvmBWydLZnGju4SGsbklHV41O44+qpGYZ2PjWh3uyZLWxMznH86L1RjKbW9E5D6L08da8XIwCcR16OfmtDfpF7IjwonbAWFpXKHlZn7O8ny+Ri8a+SLVXZimcDfnw9MtzijN3GVAzzJWv+F/CYn8cYp+ewLK3PuR2SsBwFdml0Rp1/F00157Gb8/veYzHULdhe6z9hVy1hde/oxvjuwBSviUzr+AhV/gSp4mpFfHddKkVdCe9GpjrmJiQAAAg1BmiRsQ3/+p4QBW0RClvqDj7w1oR73fIACGs9NsXfhUJxk1gMmZX0Ve/HOV6H2azg2fYuV1cGLYHWLe8fdbRfcbyHfe1zi80GMR1Jlrm3e0ywVQzesF61bsXgEqnWdfM9u+GtbmO/bpwe9VBesLwHk1tJXi6x4+oYf6izc+Tf6fvTccoAL3btS50Zo0IQIe4TjWRBayYkCPaVAhH9SMJdGkVpvzM7B7TenUPAA280jXg7lkxOfBn0R/0s9a/Ws8yMRwwmKZq0TWV+eXuBKBMrVYHFvU4yAc6IfXFR9xs1huNlzwYEl40EDF7oNQ+hui4r4SYHg8X2TYxbgOPLXlZ3/vNOQuVArBCGyzv2fGYU5M6DDDcyszOKWecnfBEtKGG5rOaJJT0WWDsP4EW25o+mOtTPayV+wr52UC8hUT4A5DeTDbOQ62+VSvhy17WHP5AymoUFX88KM3212GIvg4IVUyEY568JjnjRxwBEOzVONWj4jYZw5lROzjOJaDA/ifVLDUAJLbBJQlITukIv3392ur7gCn5DO5k6nBf9YlzbQnGNHR+bDygRIBJsdiE/Pjocn+OZDTVnemC6rgU2HsY6C46GskRu7dyLe9v87C22OfcPhAKZXvPW5YXZ8YYH2kLW/NyiB7lRKRh+DVGjNWlNcpAz32M3+G5D04vzfsuXMZyfY9pclNwQl6F9m1r8AAAGzQZ5CeIZ/AO3yvAjvwK9ht+x+6y5TcfsbCinwEClpDzwRYhD6y6bskWuUgBsE5AnTg5cNwft0JJhTvi7CApvQSk5L5dLDmkBT1CwxET2B0gxv+9VXGyavpUEXn+96/Fi8aigC3mrnZHuO8CIvBYsWGzLEhkjEior+DhT2o59ixZ1IaSIHhOL+xgBP/+Ib2TosDwl1wQ1PpbjnCvPfI8rP/EeGYr2ZdSdGzZzTPvjnKCjq4wSwtzkDtKDNM5tx6G42epydgQMsk+4cuGfF4gu3jDVm1OQJUgaBjNAe3guSEmlpXI8ZCeqdsoUjgM5T+LNEORGaywOZZi009NxBaner+mLOiFYDOX6aOiqoSoSxMDl/rvfhBbLYcgLxZHzXzsGE0Lx+X5E9Wf5CF3AL5/aAWXxY9wkVXD2cVXbO1zgQIvcnpDN9SZt1q8wKugYNTTnVP/gFXUfQTzEGKWDQ8hjsyy7j14vVf1/TnBeuWzhf9zBiiTVUz7qklOuHqeK/7QGqXeCFj2xZwATwmxbdoGbzxk8RhAGW64Xue5Fjp31CTqhpLO/q7y3Gd4Kgyy4sdrhc43uBAAAEyAGeYXRC/wDNr1JmAqBxSDtBBNlve6QAkgRSPUFBVTh3iGafCv2AsGwhg1Cn9VAYt5gwVJhow/miZsNtccebWH0leamL2rVil7dc5WApkFZVLx9la5qUv+Bzd+g/6emvDk1+SYUCTXYfkeZUrxyyD6tiVAl0Cp4CnRIGzocWFqh/LKkiX7vnq1b2C0fANJIfCmei1da0kvh7Y7+uZV9RNUUvTSsz8Zpg4DY4TdfBkVFDjJV+EVMmRXSt+CvAuTyLq8ky7aFibrtz5WQ04tv556HlQ3oLTh43MqZqA3wHJjEKoLpt/cvH9Vz8/S/GRiM4pJHWLUq+O9hAXSkoPFAVlHMsmV4FdMt3gZsIy6/D6QH6QBeT717m9aJ3TEu6er+YLqGFdLFRJO8vrlRwO22ynxsswJlqvq/FEYqBItz7tJ4hdg88hs9MmppwMKmUFaRXz6QbBTIzicIPB/Cui5FYr01EkjHOa6Y4WiWqnpFxdNroL4uJxCSwAfBg+Eg7qBPspUaX1yGWEvQFPl+OidsIEgd2Q86FxWbNbVK5x43lFliux2lTbDC8j88cTk+9380hihgj5NRYR9B6STPRXyUF78mFbtfDjs0T6MxHzXfoAglm4xTdix4qvqFC3kriUTb17bZCoTlH+EIsyUqIsDPJcsESq9VBlmTU4cIxOMEYzL4XjpKP7F5EVnRTQ3y6Ov6Cwtqmvd5qwQ2SnkjboGyFX2AJryN9xikVIIdmdgMdezclDgv/TpPgYx/kIqxkgKjlur0C/+MQZjgi99wq8m62ACypUoM53YiRFR8DgGWUeFvQ1/YVm+kbHaaicfhTLk7hsEA2GBkUDJZm0h6xNugKqZTIFaguCSns44DU1ueWWiSjm6EaPrkCidi8Qzsb2EJcm7W02+sEg9LZHxdM2ax1gCCAYeiBpplguYiXEmA3TFEZpD2/UzpJ/e8U5wfuax9kMQhviPSx0eSzvi7tvqny6SfADu+OY2h0lmbxpgYF/023X9ACisKz8v8prKQ1vXTPgHQezz7FuYJrmnOKlg6tkifvxiZUbTlLlaFURQxybccWgQJXapWpTEOOX1yWt7apVWzxYJEWS4Tbk1Srm0jtvGfe4EVH8KCrEuvqDJbGCNGPAPMFDkyDqm3r4fR+0EWmNPM/TKfmnSafvG4KUbHhlX5O8RW5S+/5KjHJY1Q8iv/vaLWg5lxTLubeONGesCN+gEtPCW+MD4q9hJJ+2pJ9ehOyuAtynH0w9LEI9+vXLx3eshkAX6VtaPQY09Yz1OTO4iaPpsOEQAx0PvSH8uS8sdMV6P9mIFXgra6IW31uDPeLWmSQN9PNOz1biCmmGkMjfOkowxE02z7R0WX5KIRuUOgVqhhjPMv6h85ldcj3qGHWMU2Mnqm5D/esCiTSf4IXL1NNBrHIYf4NloG41tOXET1ai/DTdtZz37kunlFLF9kIZwZiN87MFmq9e4+A4mHEOMOESs9w8hia4A6oiFRPFAjFj7X4EasNRwhYRhuOiDICR0DP8fmoybe3TsZqIKZSS4fe4zrr9dfajad1Uw9lnV0PRh+oIWFGK2afNEZa5M6iDFctc0MJAhq53Q7YXo+9CidNk+vZSwxr4wedbMSW2TP2t3/4JcgAwAAABEEBnmNqQv8BSJ5/8ZO/qa6neRMasViqHaJH4AH83xc+/xmMK5K6I8rjUsZr7i9QpOL37adZDWzP82NwhQNURN+nhUJo21e0TbMMBwSkZlzDo6unZBN4XN42IfZKQXkuFux5uMT8JSaEoWTInX22Fpqnoea6tONzS41PemQQLvMvC2SGQPU4k/pKFgwtgSk20ZiVAapwZ4SVluLfgGkTPJNwKQvwaYINXDblYeUdI2NZuFplPmIPK+eYzZCUynJ2c56xrOtMgFSywGbIctyEDOJoEN0X9bFltIbDjMOKETIkWAFI390F/WG3zCIADqI+DsXnaF5yWtN7z2/ks4BVizxlQEhsqe7ra93Lb2zuQk9uJWXutSKCLZXiLow7o9BOBR1L5+5fAJAeqOb2JOl6vNAUGhWNi548SffRvDKoZjOb5cOPz9H5DN+sm9jzMgJxBPVydBV5/wFxKdNJNM6FBYM0GVQlOeGgFzYMqAJ7vsc8hZI/WHchBAYsg0/2w3I2Ui1RRfzPTHGHiRsdxFKXAZ57JqaDPStfVV9FaDFQFHNnyNxP9YTdCoSMOLUlUiDftdcr1mh2vsY09ZmuNA7h3dXbSB2LzCOm5THrtHk8sczuQchRPhZDkm5ZJxfXNvLRB/StMbOnRluH7ANxMQqnL/Bf0j7GzMn6OB8Uo+5UHYCr1sVh+rzoP2vxDS1Y0I7yRpw3YxWSwGq9/w88/1yKOHCBu6gDXJBl1g/j6FU58m39t8WY9x3Qmiq5DOExbfS0OpOMSy4RGPhesVHp86X3MLpMzuQHOU359HvXUJCIlbKjbIdZsR8LGcmVHjax8xcpgYLvKJ7m8Z8ErqE+GCFGDnW+4xrsHIDHKuBJEYKQC0IEQ/pD6R8hxzI1T13RhctW2PmlJrKXLZcnI4zTNIw4nBx2xImJe/EJPfe3RXeU3rOSu232ee0hGT3Yn8ZAw1DyP9jPL2ZLtdj9vQ+wJdKPCIh8poH2+Y3drSPKejyCXUYkm3T2uB064W3wrYacNbnEpsADN6MASofj7Dl8lkpQESfDk43kDKAgdJBJbICUaW6qxF//8fZ98TWSm5kmW2S1ZTZCmEKLUqgvDRpNRHp3Uy9UE3DaAEBXVWEqW5r7B0jhc24vi7MfoxKcn+h4WMjLgXLn7rE9ECbf1B5E+CsDb+GF8rpX/GvcJIKKfwmzo+fcTtDUJ6SpRamljbsGyxYgl5f1809cosOd/LixMoAymTNrj5b4QAIux3Fen4FpMJ5t6xR5rLUDUXZJXo4EELp4vjACJhXHFfvLoIIQ7uF5bexKgTAdYRQEkDCZ4x7WGEX23zodqkCXRcqWEDTMKZkrXfJTWc26qtj0Tu1/zRJyUZzCnN2gKtJlE0gFBA7N1KIBIBp2nGyucaYha14CK/pGQbF1KBHoDrLmaw4JraO1oSV4C5vAVm6osyXaMP7tz8YNAfEAAAGbQZpoSahBaJlMCG///qeEA1/I2Bz6p5ISzc/F7J45pKIZqe/qL/5wxkIs8ABARfcRs3n+z8df/QCHnC68h25vlXE/GjzTexYe0+Jz9s+CbPjg9LBJO9Xz32/wwr6E0ZD5bUFuPCRvyhaEww4YkysVFEEp1pfA5likAGZE2uwFqAdmr7AJgPfvBBL1YvopxiEWmeuW7l21Ww2UvjeORzuhYJE7xY7y/lsaool//N7Ilc2ypgCxuDz6c+vjR0064BWeYlTsHBwMKO2NgmzVCo+QPzKVoy9XTX5v5dhCtfLjbwyfVrGCrfaGc7UnX0RCsHUlm3mi3yOFa11mgOWLC48G/rCG+B50MipiFu68CEpUEpGm4OXalqGULH8Ge/CPkwYLz1ZVbgcxLDwo/DNP7ggqwqFWgSzrwkIOCuIItTSeh+Nn5rzJCWf9avL/kMF/WxdjEkEcQxrk9vstt+S5RRMwvP+mCk8zsfSNJcZii64lc7p2RN8dWq1o8pL0B3PeT4+kQFmlDfljOL+rx+vrvF1hj/zJzkaT9uFAg5pxAAABdEGehkURLDf/AMV3E7/0M8KT+CO5shRlIHcXosXejxk6esFetfLnzJocnmHsEuRVXm2Ym4RL9uqzgGgy01jnSyvn8DsKL/ZjFeJbP+a1LIbFXQMMhhiWhyjE49mtnSlD2QPOq0o0uObOtP6JPjX93u910lm6OBilnZZGs6NHmbUYUVzi4/GnRP7z9xwrm/EN1FqsHqLE2jJT9ZNP+v4Ec5KebUgwZZYp+3X6uXn1YWalDZpdQXoksiXc6SMAgoJfewaoFjOFMBZPV/xdqUmp51DlIvloMnOZ7oz6LW4bb7dyYrjZH0C9aayb/i+YBAEe+klbAvV/fuM5xP152E/OKV9MvzE1IAJKPw+CLx9fLPgZChHH1YJkAuaZAfU50B4Ttypf8/NvorqrBw6cuYRTWHrl3EoHxJCUlTU0uGuEC137+RaOQL1tAF8hNQ9Uz9NRAP8lkdClipk4mJSh8CtCjqHxP9c4ZUB8pYC1nZj+eP9sD8of4QAABNQBnqV0Qv8BSEi2Lcn6HzzljzhAmAEJymH86dV+nUs7RLEVHpEWqDuH2ZVgn2QCzg9O6lJVXMbgpSL+1E6EhU56CHfR3QIdeBEOpu20kIGg+lrxbFFX4BvB31Zhd9MM8UKhsLlPhYdfH3+FRpetFLroi/S58KCFVCvI3Tj3wRGJ9wXUv79xUV/sMxxKOoR/KXk0BZzh95M0pcGg3VFTdP5y5f9IcaaWX+o0AjBSyWemWDpiKFAZiFw6/eUrAqr8hO+3Ahk4hmPw5b799vA8D4365rSVtZafprpGRLpfpN5ibZb337RsWAdNhLvO6jfaHAG7opPTVT9uTplsdTPTW4HXm+oxq7MDPQ7+w3BlhL8y39GvZ9lwgVbfQfR3XAdVTIdMI2kJctzuByh0Li10HWU4HD6sD2t8mng/MdDH8ZIScLr1KIeJwgJ+SYKlWqPF5XZ5jVBB0oCuv3bYoZ2DFL/0DtPhBYwEJDfpY43dTAr79sBU1U+f3/HEsYEiO0sVMsC1UPi9j2lVS4jLimMp0EbxhSM07vu5QXnXTsFvyPpDHpG5b1iaFlp+AgcSjn410UP32MmAdez8zvymFHmoNBazACjX6ZwArTk/bWI2ExeLqAwJFEX9kqYbBQLQyqKCD9USjyoRgjpI0EcMUiHt/G7fwVgpjlE/275kLKBIFRREeNgqs1qVXdr80HhYMdO5+sOC3Tn+yQK870zWj5ytw7PwGlGlwD6QxGx1/dVyJi7kh6vpJ7V+gsCm4I8G0a0gKpjHCFJ1WJus+n4wEs3duhQbSQVprcjuPszmkNHhPmi8u8RJoo5x0fzHt7yHiOZ0iGFCa2MNyTdKUKKs4ppZ4R/Adftm2v++yo2gdDHSyMmz31c/V6UzKRMV0CdLQS1CdctOBqDb+bJJnodMNymdWJWHmN7E2tdOf7EnZ+k1BUH97BykxvknGFerk9QJVtbNmxQNWGkMu0TARDOgBlKtQ4ifcexBmYKsGQ87b3jEpLqFAF6ncgJyTKfam0U+TehoW/B89IHDUsW3slUss6B1VyfF/IoiYjO0pmKTNj3pmeMqlR4ImeliXy62TeZa7tXubXSUtMBevLFyf2GricfK40rfcLC3KeMz42SmDjsaiP18Jfb87p6BmCdtB2SsYgrac/loiykw9UCm9PcT7gBtI6GCMHbzgvZvmUg9/onBvGrFvJwmtb1Zinr60SvYAgfjQOCWFVyJ0TeOPDdbU81I0f0QK75DiUTm8WCkKcqUG4Q6t5HvcLnb3ETPcQGlZUJC41/0PqoIUSMdMHHTO9hPKe/VMsH8Z9qmabexewp1gttiM+BMJWRrIZsdIzGRDX7npOt7cyXP7tIYI5Tr9LVtFFh8Bilg10ZZoQdxD6gfVqB/WA6kkd5trV7EsFAJcVOchKaLWPp1+6xITwEvz2fvW5OO9TGiv8oHrapMD86+FfthNbzlQNzeCXiKt1ruKShqp7qG2sgsKoMaeSSxORkrS1M5DCkJ2JN1e34dgzLCJj19oQCovjbrZNhCnd+PyaorwNKgkXhXr+ckfcBSRBFJr+Qu7CvyDLo5sCNneVVGSxR6LXdF7k2ocp3Ekvo1ObUOCRoab9coi/AZ41m/Qm3+xgBog2wmpSHIKNu9/HYtPqvxgmKSB7kAAAT9AZ6nakL/AM2F2QGXFyybggAJkAexsgR699e5RV4Ln5yFqmKxYywBaq+b5jzPTI5dHEV3QhLc6Vb8l5saNFoJsuOWU7ijchuemxk5mf+6nv1GEyVW5aiPgPqRaFfaYXg8jXczduHHcWpsiH4tdWThbtONHWOcjAfQk8xjkOqcXDXS6+Bwi2xGPeQMMS0bTLYLB+rkjQ3OcJ3qhw5q+skUdAsbOPLLiACQsFe+1p+NJ2/d7W/0jEVC0rjQnqY0Zb/UzynnwNBVN2+RdwwHENG4AGKHDQ+6SMgY78MRXAkl1ei+lbKaRVPtboczxWqbNbO2XRnIMMXrx858lLle7cN3vQTtxu8gCR7AVFbDt1/VV7WcOhLB1UlkmWOsQTAbxu4wSOHuVFihiYN6ij4tyM0dJbMlcgHukpcF4WInxINB2cQqqe1LGgtnRCgO9vMlaMtLXGKGEFii1vHt9GC//uuszBCRx4VtSmoCHxMSr1YDrxAynfS41B5SDs3jxyXbcV95bsVQqkwcpKA4bm/UbyIFP6LN3V1tnNTHiOCOUoV5OXyo8RmwmcBBWiVnR7nvM09FKOH9IOcrKyRMYAEysgclZzCUsrWHc3gFQqVVVmR+9xQhDDSKLGXGJTmSFPyyNGfhqvrRbmWiNgGllKZiqt/CWEu4dT8ql+vgxrUWdUBptTnxh8aLN347SIlWtJDOlCA9bLAq7GpIhOCm3B580T2lPcG+ng8iw66JaDEvv+j2Gm81AYCi6q3Es0fgIbrlVZxt+B/sSTtdcaLTI9k6f+Kv+aTdeRlPH/o1k8npp4fnfvvOizJTnSKSBnosk13M4D1QcbK8uwRZpuy4Iv9dWCmcaWKHs03wAux25nAZf4r4Uie8aC7C+9t2Ufuu/sZXM5+6o+exg9KG57GSRJSgOrOVDwQVT3T30Aw0kiDVcGfAX8rKIs1E38uIO2iUoCA/0wKFqlD0HfMZ8KF88r7DSJTddVRyPBAestMx3J+o9Twm41YILXvDwzgpO+TbpZDfbNkFxdbdpgfsuJD1aMpHbv5EoUJUu6pK9s/mZ2KQmlDK2X7Rd1Tv73z4Dh9yW9igEyx9Jw7L9qQkQ4753+jqf1MDmbAC6YFxSnTC9+kz5Z+356fqlmdl9yTMtc9gJzORS47rv6LLusKt8r/SwZd9Ahjdzf5hzhCFKvofNMMEyUmOE8tGe/tIOQpugIQ+IrMc0sKWixHR32mRM3nlhnK0WTJISfo3UPxyuztIP1VYoiNvQBIOSTGjJxbf4Ramr9/kBoYuix0Rn4AdMSHbsXGeyRyO5+jufLDnE5dONiyAekiPytK+YPmYpWLLUreChNz7911D4DDN3aWMsUEZQxfOLhOHU+fKzrBVBT6SnUXejkXeGLRy6nL9rqUQwhcJobepMabikzXBS1soaF8VVhyel9VVTQCj4EFGD7Ajyrz2jB/xQAddS3EU1yDm0NPIpcSjkC4pMv3wUWoqn+om79xkkPXg4dxiPC2Dy4/pyrg8+vyh7evr7iCAbdAji7S3nfhlgiiLEuiMKonmrNpNhXLPGnNQRJAmoNLRrFvo5wvqX3NxQFRrUl0Hy7dCPNEkFnP99l94bB83xyW+0sytmC/LpbANsNkt71WdsbTTg9HQgUUrXUgVvbOo6y1yCHVbKwfY5Hfoqk9UoNCwVb5M/T2nNqyzYFOlDlyynHw4EsAL6QgAAASVQZqrSahBbJlMCF///oywBVez5aYKgKYCAD6wGZUdQ23D4tcOpqvNDZuLoCjBmVDQNmR0g7cReh5rVYMOiGslJMtbYelC6Da4RlS7oiIK5IEhT2AGy0hkwEnHgNrZ6TmqcZ7QyW9JuBKl4VYKqdoLUxAW409sGhi3zSws+1Q5eXVZ8YJA7G1ktQtlmOb/cCfhZsJ+jXtlUcdbkIL94C7XifZnIx+u1qdz9B3tXXLN8Sm2kSiLBmhbknP5cvvSxJJkzsmFWrlhj7MN7qOogth1Tqn5SvufJbRXSGe0lF0GymxMpB6+WLq8pCNhaE98MQbJUHGeRYkqdNZPCsYcuF9akfWz/NLQbh8PfQ5CBBlKmZL3DXsi+8n9SRhYQIAA+0oL9hpcKiWL0z8r3zAH/DBwMj5uixD5pGwxqhdijdHegj9FPH1WbB8X7XLaapyA94jxelKL7xbbBWK2bY4ecc+nyfpgjOCOk5dFcqfA/AaEG/x6btf46WbsBDeuc+GHCJ5QlTljf9Crz2OxeImHy1l73sB4WqQWGjVxUn4z2KN7H6Ug1MxG8gJ48YojNMn4sWnFB61iyyPPBrjUMJeHNBD8BnWgs2//JG+5zhxml7QyTt3laD4lC10ohNHPmT43QNBQ6Wz5YyuTUpr3nMg+ciK1HKi77cfDSeqNFfGRE2zFOv1cYg9cZccLL/aczdOFwanAjjanMjW3iuO4OPJQi9gi/cyCgd7aqkaFrwmAb23e8+wDQYtcgLECl6yoc7ZVxVSonBX7QS1gSRoHPPhbXS+ybAP5lV49EZ4Lso0xfi13iQIetwI2xzho9rftI8OOuSA2foOTujrV4BmyY8ZX4Ekxdp70u5yO/itXFbhZA9YPdcSS4lpH9JbopUTaHielbtTIBwZSd0B5bvd8EgkSiFHIfRFOj2ZXOGKisrnkgPWBn/E1gB42P8ksS1FfArWj8IxgaLD7QJ1f8kqsoyEvzIruqcUTv8zay9bMhcOhJapLucgXF4ryk5aIrfdqUJtW69uq2uSZoNQNt64d5FYqY0he7Awf+to+Li+VizBnNmr+SAPlXnb/Yw/JevoXhE/vjwpsqjI02195+pTwr3BMjPiByEAHQRCVbs0UFKzPCE6XWNOuLY9VDgYMVTkhdSr56d3jxLKQQafZaTjNO+rAe/pVx/bo3qPNzziCxZEYJD6m0XwuHebrNQ22URaxZDgmysR8CorOfM0AFnndKU8j6V3aYowZso4cQzCfwmyylklSW2hUYMTs4vfGJKuIcsUCXX11JsHfsTUJmwjSrHbaAR+IpFLsDXtPpE5Z1/A3BInxz+raxT1IfXi9qVjosEb6r3nTQutHCULpvIlWYZ8nze100Ffd/32ZCq3ztGp9qFRolmI1qmAiFnBZn7+H+Of849VVD1iYLVxT9yKNMLkej5+6n2WoQ7VwGK5Dx9cCTAZZyCKMu1dHqoY73Ij8k1Oy1kjFhu489+Fn/VbmdEebO9TJJIQKEvgWBs7yfZB6NNVfw4mKli4+gyC6ihovIank129Rm45KeBzA+4ZEYHRAE+mx6DuOpLfAAAACkkGeyUUVLDP/AOKWHX1Gg4JZ8rfwKhoUH9Q2jDTHJX5/6wGLVAB+uxjVOAaf+cWwp6DuPvyANrBrHi1ZsvTvRfyvZHUiiQ4UbHlNNW6DLhBt3fvsZSIYsF9fnzQ8vw8MWnPUqFC3UTkMU5tMo0YVGiWLGvGlYr8vBQOsqu/KE2wnWOadZUI+0NY4q6LhnrHK/2IbaSb0BVwCcKJe9MHqszMHKwKu+ftjT8ydnIKJAoOVXAjvUWH3lNtTIiKS8QdrVpk0j7dRb8BEa2RORo7+NwPhsIpINrPzqwK+xVFsbQflIlGeLTNHjv45pKYD9/qb46WmVKXUpaRpC6AzvtgxRpih02MAJp5mL0f27HJXoIs7+uz6Y+GKPty/S8oByLMvofT3YGj20PcX1/yrvXQxUxbSBuuyP5JNFrf9OfUm87c9xt6nAkSRyko/rZ5rWCM9VGJ3gGMRA0a7u2Rgkxh3RUYpIgHIt3cI+jSoaYk75w3ys73MUu7T8unb9kEqXKG0s5YGi/yp9C11WFjrE1MRvkIXtmAWQryN6UIzteU992c7zKbV+NWzRovz/+HXzvJhKyfRUb5wfSULGA5uUeEZX0l9gzFdsPhb0tsVLHIAB4Kp3ihrWWbYwks4/7RpnwMwyzHtbQoxgForVZ20/fmquT072Vps7TBz8vOZLaeJNB7Jti95l70v3RXXfubAXSUSAJ+VSZyFuNaqHx2Yd7F3jjvZbLjksAQy712Lm3nKdKgNA4ebF/SzGeFnkF9bd9Lf0ahqSGFxB3LmsWV2LGb54/6ljTIjpRChWU8kskKORooxkrtKEeyEZL8wf0qj8vZut/QoPP8SqH4/SVMhNhMZbY9Y+D18Ey47ZrZTeANTts2zbTEAAAGPAZ7qakL/AUie4HzMwDGwPI5zNaVCY5BnEtaAzBM4kyAFI+2BvMcYD9z+AATXLQeLu0DWYP4eefyceYcpOoYToyKSY0GoRAl4V905W17fZeqP0UIgZav93qFmYlh64QFaEdR81tnKyz7gTqGeO/+PtH7CNs6BF4yH6M3/QNzAsK6XdBH1kga++PHPjErPTgFkUN9a9XWpSto+lX5OOgy+Zr1B7iBawwJ0r1sTuRgNCpNWj5KZXYTuQksP6839BzvmMD1aCPehZF+spw2+5hLaUD6kE8V3Lp+QZcTjnkXMLcFr8KgfuH4he+dhlOE3SxRFSkc+/3nxN5u6AFQ0WFwzATf/kxPh13Sod3PxIXyEX1yvJt9GowCUlog8kljFdlUYJOVYoJUs/AnW7qPEabNjKwQZnJwKGfOEuQPmqNHa46drAvTNiSN/De/wvkmpu5FR5wx3zk+fzUOCrnmNkTV5Ueq6zbUeHqH0r6tpfuyy8BxOA4hhRmWlmP7wCG3TxB1bkKvuEm4V3QXt5ytPRTjgAAAD4m1vb3YAAABsbXZoZAAAAAAAAAAAAAAAAAAAA+gAAAMWAAEAAAEAAAAAAAAAAAAAAAABAAAAAAAAAAAAAAAAAAAAAQAAAAAAAAAAAAAAAAAAQAAAAAAAAAAAAAAAAAAAAAAAAAAAAAAAAAAAAAAAAAIAAAMMdHJhawAAAFx0a2hkAAAAAwAAAAAAAAAAAAAAAQAAAAAAAAMWAAAAAAAAAAAAAAAAAAAAAAABAAAAAAAAAAAAAAAAAAAAAQAAAAAAAAAAAAAAAAAAQAAAAAFAAAABQAAAAAAAJGVkdHMAAAAcZWxzdAAAAAAAAAABAAADFgAALbQAAQAAAAAChG1kaWEAAAAgbWRoZAAAAAAAAAAAAAAAAAABX5AAARW8VcQAAAAAAC1oZGxyAAAAAAAAAAB2aWRlAAAAAAAAAAAAAAAAVmlkZW9IYW5kbGVyAAAAAi9taW5mAAAAFHZtaGQAAAABAAAAAAAAAAAAAAAkZGluZgAAABxkcmVmAAAAAAAAAAEAAAAMdXJsIAAAAAEAAAHvc3RibAAAAJdzdHNkAAAAAAAAAAEAAACHYXZjMQAAAAAAAAABAAAAAAAAAAAAAAAAAAAAAAFAAUAASAAAAEgAAAAAAAAAAQAAAAAAAAAAAAAAAAAAAAAAAAAAAAAAAAAAAAAAAAAAABj//wAAADFhdmNDAWQAHv/hABhnZAAerNlBQKaEAAADAAQAAAMDIDxYtlgBAAZo6+PLIsAAAABgc3R0cwAAAAAAAAAKAAAAAQAAGJwAAAABAAAVGAAAAAEAABicAAAAAQAAFRgAAAACAAAYnAAAAAEAABUYAAAAAgAAGJwAAAABAAAVGAAAAAEAABicAAAAAQAAFRgAAAAUc3RzcwAAAAAAAAABAAAAAQAAAGhjdHRzAAAAAAAAAAsAAAABAAAttAAAAAEAAHQEAAAAAQAALbQAAAABAAAAAAAAAAEAABicAAAAAQAAdAQAAAABAAAttAAAAAEAAAAAAAAAAQAAGJwAAAABAABbaAAAAAIAABicAAAAHHN0c2MAAAAAAAAAAQAAAAEAAAAMAAAAAQAAAERzdHN6AAAAAAAAAAAAAAAMAAARAgAAAhEAAAG3AAAEzAAABEUAAAGfAAABeAAABNgAAAUBAAAEmQAAApYAAAGTAAAAFHN0Y28AAAAAAAAAAQAAADAAAABidWR0YQAAAFptZXRhAAAAAAAAACFoZGxyAAAAAAAAAABtZGlyYXBwbAAAAAAAAAAAAAAAAC1pbHN0AAAAJal0b28AAAAdZGF0YQAAAAEAAAAATGF2ZjU3LjgzLjEwMA==, filename: gif.gif }
